Log file created at: 2022/06/14 23:59:21
Running on machine: aliak
Log line format: [IWEF]mmdd hh:mm:ss.uuuuuu threadid file:line] msg
I0614 23:59:21.701736 28880 c_interface.cc:127] Logging enabled to .
I0614 23:59:21.701915 28880 c_interface.cc:128] BigARTM version: v0.9.2
I0614 23:59:21.701967 28880 c_interface.cc:271] Pass MasterModelConfig: topic_name_size=0, score_config_size=1, num_processors=0, pwt_name=pwt, nwt_name=nwt, num_document_passes=0, reuse_theta=no, cache_theta=no, opt_for_avx=yes, disk_cache_path= to ArtmCreateMasterModel
I0614 23:59:21.702008 28880 c_interface.cc:274] Creating MasterModel (id=1)...
W0614 23:59:21.777823 28880 helpers.cc:221] File already exists: rbc_batches/aaaaaa.batch
W0614 23:59:21.817731 28880 helpers.cc:221] File already exists: rbc_batches/aaaaab.batch
W0614 23:59:21.818399 28880 collection_parser.cc:252] Expected 1 documents to parse, found 1599
W0614 23:59:21.818409 28880 collection_parser.cc:255] Expected 1 triples describing collection, found 80840
I0614 23:59:21.819196 28880 c_interface.cc:375] Pass 42c596fc-a3d6-4c3c-8385-4cc77a8740f8 to MN4artm4core15MasterComponentEFvRKSsE
I0614 23:59:21.819304 28880 c_interface.cc:389] Pass GatherDictionaryArgs: dictionary_target_name=42c596fc-a3d6-4c3c-8385-4cc77a8740f8, data_path=rbc_batches, symmetric_cooc_values=0 to MN4artm4core15MasterComponentEFvRKNS_20GatherDictionaryArgsEE
I0614 23:59:21.819342 28880 dictionary_operations.cc:261] Found 2 batches in 'rbc_batches' folder
I0614 23:59:21.825259 28880 dictionary_operations.cc:325] Find 1000 unique tokens in 1599 items
I0614 23:59:21.825757 28880 dictionary_operations.cc:589] Dictionary name='42c596fc-a3d6-4c3c-8385-4cc77a8740f8' contains entries: @default_class:1000; 
I0614 23:59:30.235651 28880 c_interface.cc:271] Pass MasterModelConfig: topic_name_size=0, score_config_size=1, num_processors=0, pwt_name=pwt, nwt_name=nwt, num_document_passes=0, reuse_theta=no, cache_theta=no, opt_for_avx=yes, disk_cache_path= to ArtmCreateMasterModel
I0614 23:59:30.235715 28880 c_interface.cc:274] Creating MasterModel (id=2)...
I0615 00:00:39.140508 28880 c_interface.cc:271] Pass MasterModelConfig: topic_name_size=0, score_config_size=1, num_processors=0, pwt_name=pwt, nwt_name=nwt, num_document_passes=0, reuse_theta=no, cache_theta=no, opt_for_avx=yes, disk_cache_path= to ArtmCreateMasterModel
I0615 00:00:39.247423 28880 c_interface.cc:274] Creating MasterModel (id=3)...
I0615 00:00:39.247946 28880 c_interface.cc:375] Pass dict to MN4artm4core15MasterComponentEFvRKSsE
I0615 00:00:39.248296 28880 c_interface.cc:389] Pass GatherDictionaryArgs: dictionary_target_name=dict, data_path=rbc_batches, symmetric_cooc_values=0 to MN4artm4core15MasterComponentEFvRKNS_20GatherDictionaryArgsEE
I0615 00:00:39.248490 28880 dictionary_operations.cc:261] Found 2 batches in 'rbc_batches' folder
I0615 00:00:39.280972 28880 dictionary_operations.cc:325] Find 1000 unique tokens in 1599 items
I0615 00:00:39.282755 28880 dictionary_operations.cc:589] Dictionary name='dict' contains entries: @default_class:1000; 
I0615 00:00:54.877791 28880 c_interface.cc:271] Pass MasterModelConfig: topic_name_size=26, score_config_size=1, num_processors=2, pwt_name=pwt, nwt_name=nwt, num_document_passes=10, reuse_theta=yes, cache_theta=yes, opt_for_avx=yes, disk_cache_path= to ArtmCreateMasterModel
I0615 00:00:54.877936 28880 c_interface.cc:274] Creating MasterModel (id=4)...
I0615 00:00:54.877974 10359 processor.cc:724] Processor thread started
I0615 00:00:54.878226 28880 c_interface.cc:375] Pass pwt to MN4artm4core15MasterComponentEFvRKSsE
I0615 00:00:54.878384 28880 c_interface.cc:375] Pass nwt to MN4artm4core15MasterComponentEFvRKSsE
I0615 00:00:54.879710 28880 c_interface.cc:389] Pass InitializeModelArgs: model_name=pwt, dictionary_name=dict, topic_name_size=26, seed=-1 to MN4artm4core15MasterComponentEFvRKNS_19InitializeModelArgsEE
I0615 00:00:54.882622 10358 processor.cc:724] Processor thread started
I0615 00:00:54.885321 28880 master_component.cc:664] InitializeModel() created matrix pwt with 26 topics and 1000 tokens; 
I0615 00:00:54.885537 28880 c_interface.cc:389] Pass InitializeModelArgs: model_name=nwt, dictionary_name=dict, topic_name_size=26, seed=-1 to MN4artm4core15MasterComponentEFvRKNS_19InitializeModelArgsEE
I0615 00:00:54.892798 28880 master_component.cc:664] InitializeModel() created matrix nwt with 26 topics and 1000 tokens; 
I0615 00:00:54.893016 28880 c_interface.cc:231] ArtmCopyRequestedMessage is copying 334 bytes...
I0615 00:00:54.901909 10359 processor.cc:740] No data in processing queue, waiting...
I0615 00:00:54.906437 10358 processor.cc:740] No data in processing queue, waiting...
I0615 00:00:56.257881 28880 c_interface.cc:375] Pass pwt to MN4artm4core15MasterComponentEFvRKSsE
I0615 00:00:56.259935 28880 c_interface.cc:375] Pass nwt to MN4artm4core15MasterComponentEFvRKSsE
I0615 00:00:56.260949 28880 c_interface.cc:389] Pass InitializeModelArgs: model_name=pwt, dictionary_name=dict, topic_name_size=26, seed=-1 to MN4artm4core15MasterComponentEFvRKNS_19InitializeModelArgsEE
I0615 00:00:56.271028 28880 master_component.cc:664] InitializeModel() created matrix pwt with 26 topics and 1000 tokens; 
I0615 00:00:56.271255 28880 c_interface.cc:389] Pass InitializeModelArgs: model_name=nwt, dictionary_name=dict, topic_name_size=26, seed=-1 to MN4artm4core15MasterComponentEFvRKNS_19InitializeModelArgsEE
I0615 00:00:56.276986 28880 master_component.cc:664] InitializeModel() created matrix nwt with 26 topics and 1000 tokens; 
I0615 00:00:56.277114 28880 c_interface.cc:231] ArtmCopyRequestedMessage is copying 334 bytes...
I0615 00:01:01.768600 28880 c_interface.cc:231] ArtmCopyRequestedMessage is copying 168 bytes...
I0615 00:01:21.122922 28880 c_interface.cc:389] Pass MasterModelConfig: topic_name_size=26, score_config_size=2, num_processors=2, pwt_name=pwt, nwt_name=nwt, num_document_passes=10, reuse_theta=yes, cache_theta=yes, opt_for_avx=yes, disk_cache_path= to MN4artm4core15MasterComponentEFvRKNS_17MasterModelConfigEE
I0615 00:01:22.615687 28880 c_interface.cc:389] Pass MasterModelConfig: topic_name_size=26, score_config_size=2, num_processors=2, pwt_name=pwt, nwt_name=nwt, num_document_passes=10, regularizer=(1:urn:uuid:2558544c-ec25-11ec-af68-15f07b0a665d:100000), reuse_theta=yes, cache_theta=yes, opt_for_avx=yes, disk_cache_path= to MN4artm4core15MasterComponentEFvRKNS_17MasterModelConfigEE
I0615 00:01:22.616021 28880 instance.cc:232] Regularizer '1:urn:uuid:2558544c-ec25-11ec-af68-15f07b0a665d' was cold-reconfigured
I0615 00:01:23.908402 28880 c_interface.cc:389] Pass MasterModelConfig: topic_name_size=26, score_config_size=2, num_processors=2, pwt_name=pwt, nwt_name=nwt, num_document_passes=1, regularizer=(1:urn:uuid:2558544c-ec25-11ec-af68-15f07b0a665d:100000), reuse_theta=yes, cache_theta=yes, opt_for_avx=yes, disk_cache_path= to MN4artm4core15MasterComponentEFvRKNS_17MasterModelConfigEE
I0615 00:01:23.908807 28880 instance.cc:232] Regularizer '1:urn:uuid:2558544c-ec25-11ec-af68-15f07b0a665d' was cold-reconfigured
I0615 00:01:23.953634 28880 c_interface.cc:389] Pass FitOfflineMasterModelArgs, batch_filename_size=2, batch_weight_size=2, num_collection_passes=1, reset_nwt=yes to MN4artm4core15MasterComponentEFvRKNS_25FitOfflineMasterModelArgsEE
I0615 00:01:23.953761 28880 master_component.cc:1398] ProcessBatchesArgs: nwt_target_name=nwt, batch_filename_size=2, batch_size=0, batch_weight_size=2, pwt_source_name=pwt, num_document_passes=1, regularizer=(name:1:urn:uuid:2558544c-ec25-11ec-af68-15f07b0a665d, tau:100000), reuse_theta=yes, opt_for_avx=yes, predict_class_id=, reset_nwt=yes
I0615 00:01:23.958618 10358 processor.cc:747] Processing queue has data, processing started
I0615 00:01:23.959812 10359 processor.cc:747] Processing queue has data, processing started
I0615 00:01:23.965860 10359 processor.cc:820] Processor: start processing batch e6ce01eb-a529-4fcf-b13e-93075b3f15cc into model nwt
I0615 00:01:23.967429 10358 processor.cc:820] Processor: start processing batch e74c72f5-5301-41ee-bfbf-9bea1a09ec86 into model nwt
I0615 00:01:24.024333 10359 processor.cc:925] Processor: complete processing batch e6ce01eb-a529-4fcf-b13e-93075b3f15cc into model nwt
I0615 00:01:24.025120 10359 cuckoo_watch.h:45] 65ms in ProcessBatch(rbc_batches/aaaaab.batch) [including 5ms in LoadMessage; 1ms in InitializeSparseNdw; 0ms in FindReuseThetaCacheEntry; 0ms in InitializeTheta; 0ms in CreateRegularizerAgents; 31ms in InferThetaAndUpdateNwtSparse; 0ms in UpdateCacheEntry; 24ms in CalculateScore(^^^ItemsProcessedScore^^^); ]
I0615 00:01:24.042511 10358 processor.cc:925] Processor: complete processing batch e74c72f5-5301-41ee-bfbf-9bea1a09ec86 into model nwt
I0615 00:01:24.043545 10358 cuckoo_watch.h:45] 84ms in ProcessBatch(rbc_batches/aaaaaa.batch) [including 8ms in LoadMessage; 1ms in InitializeSparseNdw; 0ms in FindReuseThetaCacheEntry; 0ms in InitializeTheta; 0ms in CreateRegularizerAgents; 48ms in InferThetaAndUpdateNwtSparse; 0ms in UpdateCacheEntry; 23ms in CalculateScore(^^^ItemsProcessedScore^^^); ]
I0615 00:01:24.043572 28880 master_component.cc:1436] RegularizeModelArgs: rwt_target_name=rwt, pwt_source_name=pwt, nwt_source_name=nwt
I0615 00:01:24.043599 28880 master_component.cc:976] MasterComponent: start regularizing model pwt
I0615 00:01:24.045619 10359 processor.cc:740] No data in processing queue, waiting...
I0615 00:01:24.047217 28880 master_component.cc:1002] MasterComponent: complete regularizing model pwt
I0615 00:01:24.047231 28880 master_component.cc:1449] NormalizeModelArgs: pwt_target_name=pwt, nwt_source_name=nwt, rwt_source_name=rwt
I0615 00:01:24.047236 28880 master_component.cc:1006] MasterComponent: start normalizing model nwt
I0615 00:01:24.050086 28880 master_component.cc:1034] MasterComponent: complete normalizing model nwt
I0615 00:01:24.052510 28880 master_component.cc:1473] DisposeModel rwt
I0615 00:01:24.052700 28880 master_component.cc:1059] FitOffline: ItemsProcessed, num_items=1599, num_batches=2, token_weight=80972, token_weight_in_effect=80972
I0615 00:01:24.052888 28880 c_interface.cc:389] Pass FitOfflineMasterModelArgs, batch_filename_size=2, batch_weight_size=2, num_collection_passes=1, reset_nwt=yes to MN4artm4core15MasterComponentEFvRKNS_25FitOfflineMasterModelArgsEE
I0615 00:01:24.052942 28880 master_component.cc:1398] ProcessBatchesArgs: nwt_target_name=nwt, batch_filename_size=2, batch_size=0, batch_weight_size=2, pwt_source_name=pwt, num_document_passes=1, regularizer=(name:1:urn:uuid:2558544c-ec25-11ec-af68-15f07b0a665d, tau:100000), reuse_theta=yes, opt_for_avx=yes, predict_class_id=, reset_nwt=yes
I0615 00:01:24.055508 10359 processor.cc:747] Processing queue has data, processing started
I0615 00:01:24.056448 10358 processor.cc:820] Processor: start processing batch e74c72f5-5301-41ee-bfbf-9bea1a09ec86 into model nwt
I0615 00:01:24.056877 10359 processor.cc:820] Processor: start processing batch e6ce01eb-a529-4fcf-b13e-93075b3f15cc into model nwt
I0615 00:01:24.077399 10359 processor.cc:925] Processor: complete processing batch e6ce01eb-a529-4fcf-b13e-93075b3f15cc into model nwt
I0615 00:01:24.077854 10359 cuckoo_watch.h:45] 22ms in ProcessBatch(rbc_batches/aaaaab.batch) [including 1ms in LoadMessage; 0ms in InitializeSparseNdw; 0ms in FindReuseThetaCacheEntry; 1ms in InitializeTheta; 0ms in CreateRegularizerAgents; 10ms in InferThetaAndUpdateNwtSparse; 0ms in UpdateCacheEntry; 8ms in CalculateScore(^^^ItemsProcessedScore^^^); ]
I0615 00:01:24.089008 10358 processor.cc:925] Processor: complete processing batch e74c72f5-5301-41ee-bfbf-9bea1a09ec86 into model nwt
I0615 00:01:24.089645 10358 cuckoo_watch.h:45] 35ms in ProcessBatch(rbc_batches/aaaaaa.batch) [including 2ms in LoadMessage; 0ms in InitializeSparseNdw; 0ms in FindReuseThetaCacheEntry; 2ms in InitializeTheta; 0ms in CreateRegularizerAgents; 15ms in InferThetaAndUpdateNwtSparse; 0ms in UpdateCacheEntry; 14ms in CalculateScore(^^^ItemsProcessedScore^^^); ]
I0615 00:01:24.089833 28880 master_component.cc:1436] RegularizeModelArgs: rwt_target_name=rwt, pwt_source_name=pwt, nwt_source_name=nwt
I0615 00:01:24.089839 28880 master_component.cc:976] MasterComponent: start regularizing model pwt
I0615 00:01:24.092519 28880 master_component.cc:1002] MasterComponent: complete regularizing model pwt
I0615 00:01:24.092528 28880 master_component.cc:1449] NormalizeModelArgs: pwt_target_name=pwt, nwt_source_name=nwt, rwt_source_name=rwt
I0615 00:01:24.092531 28880 master_component.cc:1006] MasterComponent: start normalizing model nwt
I0615 00:01:24.094552 28880 master_component.cc:1034] MasterComponent: complete normalizing model nwt
I0615 00:01:24.096599 28880 master_component.cc:1473] DisposeModel rwt
I0615 00:01:24.096792 28880 master_component.cc:1059] FitOffline: ItemsProcessed, num_items=1599, num_batches=2, token_weight=80972, token_weight_in_effect=80972
I0615 00:01:24.096954 28880 c_interface.cc:389] Pass FitOfflineMasterModelArgs, batch_filename_size=2, batch_weight_size=2, num_collection_passes=1, reset_nwt=yes to MN4artm4core15MasterComponentEFvRKNS_25FitOfflineMasterModelArgsEE
I0615 00:01:24.096971 28880 master_component.cc:1398] ProcessBatchesArgs: nwt_target_name=nwt, batch_filename_size=2, batch_size=0, batch_weight_size=2, pwt_source_name=pwt, num_document_passes=1, regularizer=(name:1:urn:uuid:2558544c-ec25-11ec-af68-15f07b0a665d, tau:100000), reuse_theta=yes, opt_for_avx=yes, predict_class_id=, reset_nwt=yes
I0615 00:01:24.099869 10359 processor.cc:820] Processor: start processing batch e6ce01eb-a529-4fcf-b13e-93075b3f15cc into model nwt
I0615 00:01:24.100001 10358 processor.cc:820] Processor: start processing batch e74c72f5-5301-41ee-bfbf-9bea1a09ec86 into model nwt
I0615 00:01:24.114789 10359 processor.cc:925] Processor: complete processing batch e6ce01eb-a529-4fcf-b13e-93075b3f15cc into model nwt
I0615 00:01:24.115114 10359 cuckoo_watch.h:45] 16ms in ProcessBatch(rbc_batches/aaaaab.batch) [including 1ms in LoadMessage; 0ms in InitializeSparseNdw; 0ms in FindReuseThetaCacheEntry; 0ms in InitializeTheta; 0ms in CreateRegularizerAgents; 7ms in InferThetaAndUpdateNwtSparse; 0ms in UpdateCacheEntry; 6ms in CalculateScore(^^^ItemsProcessedScore^^^); ]
I0615 00:01:24.125560 10358 processor.cc:925] Processor: complete processing batch e74c72f5-5301-41ee-bfbf-9bea1a09ec86 into model nwt
I0615 00:01:24.126127 10358 cuckoo_watch.h:45] 27ms in ProcessBatch(rbc_batches/aaaaaa.batch) [including 1ms in LoadMessage; 0ms in InitializeSparseNdw; 0ms in FindReuseThetaCacheEntry; 1ms in InitializeTheta; 0ms in CreateRegularizerAgents; 10ms in InferThetaAndUpdateNwtSparse; 0ms in UpdateCacheEntry; 12ms in CalculateScore(^^^ItemsProcessedScore^^^); ]
I0615 00:01:24.126255 28880 master_component.cc:1436] RegularizeModelArgs: rwt_target_name=rwt, pwt_source_name=pwt, nwt_source_name=nwt
I0615 00:01:24.126262 28880 master_component.cc:976] MasterComponent: start regularizing model pwt
I0615 00:01:24.128612 28880 master_component.cc:1002] MasterComponent: complete regularizing model pwt
I0615 00:01:24.128648 28880 master_component.cc:1449] NormalizeModelArgs: pwt_target_name=pwt, nwt_source_name=nwt, rwt_source_name=rwt
I0615 00:01:24.128650 28880 master_component.cc:1006] MasterComponent: start normalizing model nwt
I0615 00:01:24.130818 28880 master_component.cc:1034] MasterComponent: complete normalizing model nwt
I0615 00:01:24.132805 28880 master_component.cc:1473] DisposeModel rwt
I0615 00:01:24.133113 28880 master_component.cc:1059] FitOffline: ItemsProcessed, num_items=1599, num_batches=2, token_weight=80972, token_weight_in_effect=80972
I0615 00:01:24.133307 28880 c_interface.cc:389] Pass FitOfflineMasterModelArgs, batch_filename_size=2, batch_weight_size=2, num_collection_passes=1, reset_nwt=yes to MN4artm4core15MasterComponentEFvRKNS_25FitOfflineMasterModelArgsEE
I0615 00:01:24.133330 28880 master_component.cc:1398] ProcessBatchesArgs: nwt_target_name=nwt, batch_filename_size=2, batch_size=0, batch_weight_size=2, pwt_source_name=pwt, num_document_passes=1, regularizer=(name:1:urn:uuid:2558544c-ec25-11ec-af68-15f07b0a665d, tau:100000), reuse_theta=yes, opt_for_avx=yes, predict_class_id=, reset_nwt=yes
I0615 00:01:24.135766 10359 processor.cc:820] Processor: start processing batch e74c72f5-5301-41ee-bfbf-9bea1a09ec86 into model nwt
I0615 00:01:24.135845 10358 processor.cc:820] Processor: start processing batch e6ce01eb-a529-4fcf-b13e-93075b3f15cc into model nwt
I0615 00:01:24.151451 10358 processor.cc:925] Processor: complete processing batch e6ce01eb-a529-4fcf-b13e-93075b3f15cc into model nwt
I0615 00:01:24.151803 10358 cuckoo_watch.h:45] 16ms in ProcessBatch(rbc_batches/aaaaab.batch) [including 0ms in LoadMessage; 0ms in InitializeSparseNdw; 0ms in FindReuseThetaCacheEntry; 0ms in InitializeTheta; 0ms in CreateRegularizerAgents; 7ms in InferThetaAndUpdateNwtSparse; 0ms in UpdateCacheEntry; 6ms in CalculateScore(^^^ItemsProcessedScore^^^); ]
I0615 00:01:24.159600 10359 processor.cc:925] Processor: complete processing batch e74c72f5-5301-41ee-bfbf-9bea1a09ec86 into model nwt
I0615 00:01:24.160050 10359 cuckoo_watch.h:45] 25ms in ProcessBatch(rbc_batches/aaaaaa.batch) [including 1ms in LoadMessage; 0ms in InitializeSparseNdw; 0ms in FindReuseThetaCacheEntry; 1ms in InitializeTheta; 0ms in CreateRegularizerAgents; 11ms in InferThetaAndUpdateNwtSparse; 0ms in UpdateCacheEntry; 10ms in CalculateScore(^^^ItemsProcessedScore^^^); ]
I0615 00:01:24.160197 28880 master_component.cc:1436] RegularizeModelArgs: rwt_target_name=rwt, pwt_source_name=pwt, nwt_source_name=nwt
I0615 00:01:24.160203 28880 master_component.cc:976] MasterComponent: start regularizing model pwt
I0615 00:01:24.162331 28880 master_component.cc:1002] MasterComponent: complete regularizing model pwt
I0615 00:01:24.162338 28880 master_component.cc:1449] NormalizeModelArgs: pwt_target_name=pwt, nwt_source_name=nwt, rwt_source_name=rwt
I0615 00:01:24.162341 28880 master_component.cc:1006] MasterComponent: start normalizing model nwt
I0615 00:01:24.164053 28880 master_component.cc:1034] MasterComponent: complete normalizing model nwt
I0615 00:01:24.165787 28880 master_component.cc:1473] DisposeModel rwt
I0615 00:01:24.165952 28880 master_component.cc:1059] FitOffline: ItemsProcessed, num_items=1599, num_batches=2, token_weight=80972, token_weight_in_effect=80972
I0615 00:01:24.166133 28880 c_interface.cc:389] Pass FitOfflineMasterModelArgs, batch_filename_size=2, batch_weight_size=2, num_collection_passes=1, reset_nwt=yes to MN4artm4core15MasterComponentEFvRKNS_25FitOfflineMasterModelArgsEE
I0615 00:01:24.166148 28880 master_component.cc:1398] ProcessBatchesArgs: nwt_target_name=nwt, batch_filename_size=2, batch_size=0, batch_weight_size=2, pwt_source_name=pwt, num_document_passes=1, regularizer=(name:1:urn:uuid:2558544c-ec25-11ec-af68-15f07b0a665d, tau:100000), reuse_theta=yes, opt_for_avx=yes, predict_class_id=, reset_nwt=yes
I0615 00:01:24.168864 10359 processor.cc:820] Processor: start processing batch e74c72f5-5301-41ee-bfbf-9bea1a09ec86 into model nwt
I0615 00:01:24.169126 10358 processor.cc:820] Processor: start processing batch e6ce01eb-a529-4fcf-b13e-93075b3f15cc into model nwt
I0615 00:01:24.183951 10358 processor.cc:925] Processor: complete processing batch e6ce01eb-a529-4fcf-b13e-93075b3f15cc into model nwt
I0615 00:01:24.184280 10358 cuckoo_watch.h:45] 16ms in ProcessBatch(rbc_batches/aaaaab.batch) [including 1ms in LoadMessage; 0ms in InitializeSparseNdw; 0ms in FindReuseThetaCacheEntry; 0ms in InitializeTheta; 0ms in CreateRegularizerAgents; 7ms in InferThetaAndUpdateNwtSparse; 0ms in UpdateCacheEntry; 6ms in CalculateScore(^^^ItemsProcessedScore^^^); ]
I0615 00:01:24.192263 10359 processor.cc:925] Processor: complete processing batch e74c72f5-5301-41ee-bfbf-9bea1a09ec86 into model nwt
I0615 00:01:24.192734 10359 cuckoo_watch.h:45] 25ms in ProcessBatch(rbc_batches/aaaaaa.batch) [including 1ms in LoadMessage; 0ms in InitializeSparseNdw; 0ms in FindReuseThetaCacheEntry; 1ms in InitializeTheta; 0ms in CreateRegularizerAgents; 10ms in InferThetaAndUpdateNwtSparse; 0ms in UpdateCacheEntry; 10ms in CalculateScore(^^^ItemsProcessedScore^^^); ]
I0615 00:01:24.192891 28880 master_component.cc:1436] RegularizeModelArgs: rwt_target_name=rwt, pwt_source_name=pwt, nwt_source_name=nwt
I0615 00:01:24.192898 28880 master_component.cc:976] MasterComponent: start regularizing model pwt
I0615 00:01:24.194991 28880 master_component.cc:1002] MasterComponent: complete regularizing model pwt
I0615 00:01:24.194999 28880 master_component.cc:1449] NormalizeModelArgs: pwt_target_name=pwt, nwt_source_name=nwt, rwt_source_name=rwt
I0615 00:01:24.195003 28880 master_component.cc:1006] MasterComponent: start normalizing model nwt
I0615 00:01:24.196739 28880 master_component.cc:1034] MasterComponent: complete normalizing model nwt
I0615 00:01:24.198452 28880 master_component.cc:1473] DisposeModel rwt
I0615 00:01:24.198640 28880 master_component.cc:1059] FitOffline: ItemsProcessed, num_items=1599, num_batches=2, token_weight=80972, token_weight_in_effect=80972
I0615 00:01:24.198809 28880 c_interface.cc:389] Pass FitOfflineMasterModelArgs, batch_filename_size=2, batch_weight_size=2, num_collection_passes=1, reset_nwt=yes to MN4artm4core15MasterComponentEFvRKNS_25FitOfflineMasterModelArgsEE
I0615 00:01:24.198823 28880 master_component.cc:1398] ProcessBatchesArgs: nwt_target_name=nwt, batch_filename_size=2, batch_size=0, batch_weight_size=2, pwt_source_name=pwt, num_document_passes=1, regularizer=(name:1:urn:uuid:2558544c-ec25-11ec-af68-15f07b0a665d, tau:100000), reuse_theta=yes, opt_for_avx=yes, predict_class_id=, reset_nwt=yes
I0615 00:01:24.201117 10359 processor.cc:820] Processor: start processing batch e6ce01eb-a529-4fcf-b13e-93075b3f15cc into model nwt
I0615 00:01:24.201170 10358 processor.cc:820] Processor: start processing batch e74c72f5-5301-41ee-bfbf-9bea1a09ec86 into model nwt
I0615 00:01:24.215839 10359 processor.cc:925] Processor: complete processing batch e6ce01eb-a529-4fcf-b13e-93075b3f15cc into model nwt
I0615 00:01:24.216187 10359 cuckoo_watch.h:45] 15ms in ProcessBatch(rbc_batches/aaaaab.batch) [including 0ms in LoadMessage; 0ms in InitializeSparseNdw; 0ms in FindReuseThetaCacheEntry; 0ms in InitializeTheta; 0ms in CreateRegularizerAgents; 7ms in InferThetaAndUpdateNwtSparse; 0ms in UpdateCacheEntry; 6ms in CalculateScore(^^^ItemsProcessedScore^^^); ]
I0615 00:01:24.225097 10358 processor.cc:925] Processor: complete processing batch e74c72f5-5301-41ee-bfbf-9bea1a09ec86 into model nwt
I0615 00:01:24.225546 10358 cuckoo_watch.h:45] 25ms in ProcessBatch(rbc_batches/aaaaaa.batch) [including 1ms in LoadMessage; 0ms in InitializeSparseNdw; 0ms in FindReuseThetaCacheEntry; 1ms in InitializeTheta; 0ms in CreateRegularizerAgents; 10ms in InferThetaAndUpdateNwtSparse; 0ms in UpdateCacheEntry; 10ms in CalculateScore(^^^ItemsProcessedScore^^^); ]
I0615 00:01:24.225996 28880 master_component.cc:1436] RegularizeModelArgs: rwt_target_name=rwt, pwt_source_name=pwt, nwt_source_name=nwt
I0615 00:01:24.226002 28880 master_component.cc:976] MasterComponent: start regularizing model pwt
I0615 00:01:24.228173 28880 master_component.cc:1002] MasterComponent: complete regularizing model pwt
I0615 00:01:24.228180 28880 master_component.cc:1449] NormalizeModelArgs: pwt_target_name=pwt, nwt_source_name=nwt, rwt_source_name=rwt
I0615 00:01:24.228183 28880 master_component.cc:1006] MasterComponent: start normalizing model nwt
I0615 00:01:24.229933 28880 master_component.cc:1034] MasterComponent: complete normalizing model nwt
I0615 00:01:24.231798 28880 master_component.cc:1473] DisposeModel rwt
I0615 00:01:24.231986 28880 master_component.cc:1059] FitOffline: ItemsProcessed, num_items=1599, num_batches=2, token_weight=80972, token_weight_in_effect=80972
I0615 00:01:24.232187 28880 c_interface.cc:389] Pass FitOfflineMasterModelArgs, batch_filename_size=2, batch_weight_size=2, num_collection_passes=1, reset_nwt=yes to MN4artm4core15MasterComponentEFvRKNS_25FitOfflineMasterModelArgsEE
I0615 00:01:24.232203 28880 master_component.cc:1398] ProcessBatchesArgs: nwt_target_name=nwt, batch_filename_size=2, batch_size=0, batch_weight_size=2, pwt_source_name=pwt, num_document_passes=1, regularizer=(name:1:urn:uuid:2558544c-ec25-11ec-af68-15f07b0a665d, tau:100000), reuse_theta=yes, opt_for_avx=yes, predict_class_id=, reset_nwt=yes
I0615 00:01:24.234510 10358 processor.cc:820] Processor: start processing batch e74c72f5-5301-41ee-bfbf-9bea1a09ec86 into model nwt
I0615 00:01:24.235658 10359 processor.cc:820] Processor: start processing batch e6ce01eb-a529-4fcf-b13e-93075b3f15cc into model nwt
I0615 00:01:24.250211 10359 processor.cc:925] Processor: complete processing batch e6ce01eb-a529-4fcf-b13e-93075b3f15cc into model nwt
I0615 00:01:24.250542 10359 cuckoo_watch.h:45] 15ms in ProcessBatch(rbc_batches/aaaaab.batch) [including 1ms in LoadMessage; 0ms in InitializeSparseNdw; 0ms in FindReuseThetaCacheEntry; 0ms in InitializeTheta; 0ms in CreateRegularizerAgents; 6ms in InferThetaAndUpdateNwtSparse; 0ms in UpdateCacheEntry; 6ms in CalculateScore(^^^ItemsProcessedScore^^^); ]
I0615 00:01:24.258095 10358 processor.cc:925] Processor: complete processing batch e74c72f5-5301-41ee-bfbf-9bea1a09ec86 into model nwt
I0615 00:01:24.258563 10358 cuckoo_watch.h:45] 25ms in ProcessBatch(rbc_batches/aaaaaa.batch) [including 1ms in LoadMessage; 0ms in InitializeSparseNdw; 0ms in FindReuseThetaCacheEntry; 1ms in InitializeTheta; 0ms in CreateRegularizerAgents; 10ms in InferThetaAndUpdateNwtSparse; 0ms in UpdateCacheEntry; 10ms in CalculateScore(^^^ItemsProcessedScore^^^); ]
I0615 00:01:24.259021 28880 master_component.cc:1436] RegularizeModelArgs: rwt_target_name=rwt, pwt_source_name=pwt, nwt_source_name=nwt
I0615 00:01:24.259027 28880 master_component.cc:976] MasterComponent: start regularizing model pwt
I0615 00:01:24.261113 28880 master_component.cc:1002] MasterComponent: complete regularizing model pwt
I0615 00:01:24.261121 28880 master_component.cc:1449] NormalizeModelArgs: pwt_target_name=pwt, nwt_source_name=nwt, rwt_source_name=rwt
I0615 00:01:24.261123 28880 master_component.cc:1006] MasterComponent: start normalizing model nwt
I0615 00:01:24.262848 28880 master_component.cc:1034] MasterComponent: complete normalizing model nwt
I0615 00:01:24.264595 28880 master_component.cc:1473] DisposeModel rwt
I0615 00:01:24.264766 28880 master_component.cc:1059] FitOffline: ItemsProcessed, num_items=1599, num_batches=2, token_weight=80972, token_weight_in_effect=80972
I0615 00:01:24.264956 28880 c_interface.cc:389] Pass FitOfflineMasterModelArgs, batch_filename_size=2, batch_weight_size=2, num_collection_passes=1, reset_nwt=yes to MN4artm4core15MasterComponentEFvRKNS_25FitOfflineMasterModelArgsEE
I0615 00:01:24.264972 28880 master_component.cc:1398] ProcessBatchesArgs: nwt_target_name=nwt, batch_filename_size=2, batch_size=0, batch_weight_size=2, pwt_source_name=pwt, num_document_passes=1, regularizer=(name:1:urn:uuid:2558544c-ec25-11ec-af68-15f07b0a665d, tau:100000), reuse_theta=yes, opt_for_avx=yes, predict_class_id=, reset_nwt=yes
I0615 00:01:24.267575 10358 processor.cc:820] Processor: start processing batch e74c72f5-5301-41ee-bfbf-9bea1a09ec86 into model nwt
I0615 00:01:24.267635 10359 processor.cc:820] Processor: start processing batch e6ce01eb-a529-4fcf-b13e-93075b3f15cc into model nwt
I0615 00:01:24.282507 10359 processor.cc:925] Processor: complete processing batch e6ce01eb-a529-4fcf-b13e-93075b3f15cc into model nwt
I0615 00:01:24.282853 10359 cuckoo_watch.h:45] 16ms in ProcessBatch(rbc_batches/aaaaab.batch) [including 1ms in LoadMessage; 0ms in InitializeSparseNdw; 0ms in FindReuseThetaCacheEntry; 0ms in InitializeTheta; 0ms in CreateRegularizerAgents; 7ms in InferThetaAndUpdateNwtSparse; 0ms in UpdateCacheEntry; 6ms in CalculateScore(^^^ItemsProcessedScore^^^); ]
I0615 00:01:24.290939 10358 processor.cc:925] Processor: complete processing batch e74c72f5-5301-41ee-bfbf-9bea1a09ec86 into model nwt
I0615 00:01:24.291404 10358 cuckoo_watch.h:45] 25ms in ProcessBatch(rbc_batches/aaaaaa.batch) [including 1ms in LoadMessage; 0ms in InitializeSparseNdw; 0ms in FindReuseThetaCacheEntry; 1ms in InitializeTheta; 0ms in CreateRegularizerAgents; 10ms in InferThetaAndUpdateNwtSparse; 0ms in UpdateCacheEntry; 10ms in CalculateScore(^^^ItemsProcessedScore^^^); ]
I0615 00:01:24.291926 28880 master_component.cc:1436] RegularizeModelArgs: rwt_target_name=rwt, pwt_source_name=pwt, nwt_source_name=nwt
I0615 00:01:24.291934 28880 master_component.cc:976] MasterComponent: start regularizing model pwt
I0615 00:01:24.294065 28880 master_component.cc:1002] MasterComponent: complete regularizing model pwt
I0615 00:01:24.294072 28880 master_component.cc:1449] NormalizeModelArgs: pwt_target_name=pwt, nwt_source_name=nwt, rwt_source_name=rwt
I0615 00:01:24.294075 28880 master_component.cc:1006] MasterComponent: start normalizing model nwt
I0615 00:01:24.295722 28880 master_component.cc:1034] MasterComponent: complete normalizing model nwt
I0615 00:01:24.297353 28880 master_component.cc:1473] DisposeModel rwt
I0615 00:01:24.297513 28880 master_component.cc:1059] FitOffline: ItemsProcessed, num_items=1599, num_batches=2, token_weight=80972, token_weight_in_effect=80972
I0615 00:01:24.297664 28880 c_interface.cc:389] Pass FitOfflineMasterModelArgs, batch_filename_size=2, batch_weight_size=2, num_collection_passes=1, reset_nwt=yes to MN4artm4core15MasterComponentEFvRKNS_25FitOfflineMasterModelArgsEE
I0615 00:01:24.297678 28880 master_component.cc:1398] ProcessBatchesArgs: nwt_target_name=nwt, batch_filename_size=2, batch_size=0, batch_weight_size=2, pwt_source_name=pwt, num_document_passes=1, regularizer=(name:1:urn:uuid:2558544c-ec25-11ec-af68-15f07b0a665d, tau:100000), reuse_theta=yes, opt_for_avx=yes, predict_class_id=, reset_nwt=yes
I0615 00:01:24.300232 10358 processor.cc:820] Processor: start processing batch e74c72f5-5301-41ee-bfbf-9bea1a09ec86 into model nwt
I0615 00:01:24.300585 10359 processor.cc:820] Processor: start processing batch e6ce01eb-a529-4fcf-b13e-93075b3f15cc into model nwt
I0615 00:01:24.315326 10359 processor.cc:925] Processor: complete processing batch e6ce01eb-a529-4fcf-b13e-93075b3f15cc into model nwt
I0615 00:01:24.315660 10359 cuckoo_watch.h:45] 16ms in ProcessBatch(rbc_batches/aaaaab.batch) [including 1ms in LoadMessage; 0ms in InitializeSparseNdw; 0ms in FindReuseThetaCacheEntry; 0ms in InitializeTheta; 0ms in CreateRegularizerAgents; 7ms in InferThetaAndUpdateNwtSparse; 0ms in UpdateCacheEntry; 6ms in CalculateScore(^^^ItemsProcessedScore^^^); ]
I0615 00:01:24.323984 10358 processor.cc:925] Processor: complete processing batch e74c72f5-5301-41ee-bfbf-9bea1a09ec86 into model nwt
I0615 00:01:24.324496 10358 cuckoo_watch.h:45] 25ms in ProcessBatch(rbc_batches/aaaaaa.batch) [including 1ms in LoadMessage; 0ms in InitializeSparseNdw; 0ms in FindReuseThetaCacheEntry; 1ms in InitializeTheta; 0ms in CreateRegularizerAgents; 10ms in InferThetaAndUpdateNwtSparse; 0ms in UpdateCacheEntry; 10ms in CalculateScore(^^^ItemsProcessedScore^^^); ]
I0615 00:01:24.325381 28880 master_component.cc:1436] RegularizeModelArgs: rwt_target_name=rwt, pwt_source_name=pwt, nwt_source_name=nwt
I0615 00:01:24.325387 28880 master_component.cc:976] MasterComponent: start regularizing model pwt
I0615 00:01:24.327564 28880 master_component.cc:1002] MasterComponent: complete regularizing model pwt
I0615 00:01:24.327571 28880 master_component.cc:1449] NormalizeModelArgs: pwt_target_name=pwt, nwt_source_name=nwt, rwt_source_name=rwt
I0615 00:01:24.327574 28880 master_component.cc:1006] MasterComponent: start normalizing model nwt
I0615 00:01:24.329313 28880 master_component.cc:1034] MasterComponent: complete normalizing model nwt
I0615 00:01:24.331126 28880 master_component.cc:1473] DisposeModel rwt
I0615 00:01:24.331311 28880 master_component.cc:1059] FitOffline: ItemsProcessed, num_items=1599, num_batches=2, token_weight=80972, token_weight_in_effect=80972
I0615 00:01:24.331465 28880 c_interface.cc:389] Pass FitOfflineMasterModelArgs, batch_filename_size=2, batch_weight_size=2, num_collection_passes=1, reset_nwt=yes to MN4artm4core15MasterComponentEFvRKNS_25FitOfflineMasterModelArgsEE
I0615 00:01:24.331478 28880 master_component.cc:1398] ProcessBatchesArgs: nwt_target_name=nwt, batch_filename_size=2, batch_size=0, batch_weight_size=2, pwt_source_name=pwt, num_document_passes=1, regularizer=(name:1:urn:uuid:2558544c-ec25-11ec-af68-15f07b0a665d, tau:100000), reuse_theta=yes, opt_for_avx=yes, predict_class_id=, reset_nwt=yes
I0615 00:01:24.334148 10359 processor.cc:820] Processor: start processing batch e6ce01eb-a529-4fcf-b13e-93075b3f15cc into model nwt
I0615 00:01:24.334551 10358 processor.cc:820] Processor: start processing batch e74c72f5-5301-41ee-bfbf-9bea1a09ec86 into model nwt
I0615 00:01:24.348760 10359 processor.cc:925] Processor: complete processing batch e6ce01eb-a529-4fcf-b13e-93075b3f15cc into model nwt
I0615 00:01:24.349102 10359 cuckoo_watch.h:45] 15ms in ProcessBatch(rbc_batches/aaaaab.batch) [including 1ms in LoadMessage; 0ms in InitializeSparseNdw; 0ms in FindReuseThetaCacheEntry; 0ms in InitializeTheta; 0ms in CreateRegularizerAgents; 6ms in InferThetaAndUpdateNwtSparse; 0ms in UpdateCacheEntry; 6ms in CalculateScore(^^^ItemsProcessedScore^^^); ]
I0615 00:01:24.359001 10358 processor.cc:925] Processor: complete processing batch e74c72f5-5301-41ee-bfbf-9bea1a09ec86 into model nwt
I0615 00:01:24.359493 10358 cuckoo_watch.h:45] 26ms in ProcessBatch(rbc_batches/aaaaaa.batch) [including 1ms in LoadMessage; 0ms in InitializeSparseNdw; 0ms in FindReuseThetaCacheEntry; 1ms in InitializeTheta; 0ms in CreateRegularizerAgents; 10ms in InferThetaAndUpdateNwtSparse; 0ms in UpdateCacheEntry; 11ms in CalculateScore(^^^ItemsProcessedScore^^^); ]
I0615 00:01:24.360538 28880 master_component.cc:1436] RegularizeModelArgs: rwt_target_name=rwt, pwt_source_name=pwt, nwt_source_name=nwt
I0615 00:01:24.360545 28880 master_component.cc:976] MasterComponent: start regularizing model pwt
I0615 00:01:24.362748 28880 master_component.cc:1002] MasterComponent: complete regularizing model pwt
I0615 00:01:24.362756 28880 master_component.cc:1449] NormalizeModelArgs: pwt_target_name=pwt, nwt_source_name=nwt, rwt_source_name=rwt
I0615 00:01:24.362758 28880 master_component.cc:1006] MasterComponent: start normalizing model nwt
I0615 00:01:24.364511 28880 master_component.cc:1034] MasterComponent: complete normalizing model nwt
I0615 00:01:24.366240 28880 master_component.cc:1473] DisposeModel rwt
I0615 00:01:24.366431 28880 master_component.cc:1059] FitOffline: ItemsProcessed, num_items=1599, num_batches=2, token_weight=80972, token_weight_in_effect=80972
I0615 00:01:24.366632 28880 c_interface.cc:389] Pass FitOfflineMasterModelArgs, batch_filename_size=2, batch_weight_size=2, num_collection_passes=1, reset_nwt=yes to MN4artm4core15MasterComponentEFvRKNS_25FitOfflineMasterModelArgsEE
I0615 00:01:24.366647 28880 master_component.cc:1398] ProcessBatchesArgs: nwt_target_name=nwt, batch_filename_size=2, batch_size=0, batch_weight_size=2, pwt_source_name=pwt, num_document_passes=1, regularizer=(name:1:urn:uuid:2558544c-ec25-11ec-af68-15f07b0a665d, tau:100000), reuse_theta=yes, opt_for_avx=yes, predict_class_id=, reset_nwt=yes
I0615 00:01:24.369382 10358 processor.cc:820] Processor: start processing batch e74c72f5-5301-41ee-bfbf-9bea1a09ec86 into model nwt
I0615 00:01:24.369549 10359 processor.cc:820] Processor: start processing batch e6ce01eb-a529-4fcf-b13e-93075b3f15cc into model nwt
I0615 00:01:24.385151 10359 processor.cc:925] Processor: complete processing batch e6ce01eb-a529-4fcf-b13e-93075b3f15cc into model nwt
I0615 00:01:24.385547 10359 cuckoo_watch.h:45] 16ms in ProcessBatch(rbc_batches/aaaaab.batch) [including 1ms in LoadMessage; 0ms in InitializeSparseNdw; 0ms in FindReuseThetaCacheEntry; 0ms in InitializeTheta; 0ms in CreateRegularizerAgents; 7ms in InferThetaAndUpdateNwtSparse; 0ms in UpdateCacheEntry; 6ms in CalculateScore(^^^ItemsProcessedScore^^^); ]
I0615 00:01:24.395362 10358 processor.cc:925] Processor: complete processing batch e74c72f5-5301-41ee-bfbf-9bea1a09ec86 into model nwt
I0615 00:01:24.395898 10358 cuckoo_watch.h:45] 27ms in ProcessBatch(rbc_batches/aaaaaa.batch) [including 1ms in LoadMessage; 0ms in InitializeSparseNdw; 0ms in FindReuseThetaCacheEntry; 1ms in InitializeTheta; 0ms in CreateRegularizerAgents; 11ms in InferThetaAndUpdateNwtSparse; 0ms in UpdateCacheEntry; 12ms in CalculateScore(^^^ItemsProcessedScore^^^); ]
I0615 00:01:24.396798 28880 master_component.cc:1436] RegularizeModelArgs: rwt_target_name=rwt, pwt_source_name=pwt, nwt_source_name=nwt
I0615 00:01:24.396806 28880 master_component.cc:976] MasterComponent: start regularizing model pwt
I0615 00:01:24.399053 28880 master_component.cc:1002] MasterComponent: complete regularizing model pwt
I0615 00:01:24.399063 28880 master_component.cc:1449] NormalizeModelArgs: pwt_target_name=pwt, nwt_source_name=nwt, rwt_source_name=rwt
I0615 00:01:24.399066 28880 master_component.cc:1006] MasterComponent: start normalizing model nwt
I0615 00:01:24.401804 28880 master_component.cc:1034] MasterComponent: complete normalizing model nwt
I0615 00:01:24.404112 28880 master_component.cc:1473] DisposeModel rwt
I0615 00:01:24.404377 28880 master_component.cc:1059] FitOffline: ItemsProcessed, num_items=1599, num_batches=2, token_weight=80972, token_weight_in_effect=80972
I0615 00:01:24.404517 28880 c_interface.cc:389] Pass FitOfflineMasterModelArgs, batch_filename_size=2, batch_weight_size=2, num_collection_passes=1, reset_nwt=yes to MN4artm4core15MasterComponentEFvRKNS_25FitOfflineMasterModelArgsEE
I0615 00:01:24.404533 28880 master_component.cc:1398] ProcessBatchesArgs: nwt_target_name=nwt, batch_filename_size=2, batch_size=0, batch_weight_size=2, pwt_source_name=pwt, num_document_passes=1, regularizer=(name:1:urn:uuid:2558544c-ec25-11ec-af68-15f07b0a665d, tau:100000), reuse_theta=yes, opt_for_avx=yes, predict_class_id=, reset_nwt=yes
I0615 00:01:24.407235 10359 processor.cc:820] Processor: start processing batch e6ce01eb-a529-4fcf-b13e-93075b3f15cc into model nwt
I0615 00:01:24.407279 10358 processor.cc:820] Processor: start processing batch e74c72f5-5301-41ee-bfbf-9bea1a09ec86 into model nwt
I0615 00:01:24.424628 10359 processor.cc:925] Processor: complete processing batch e6ce01eb-a529-4fcf-b13e-93075b3f15cc into model nwt
I0615 00:01:24.424984 10359 cuckoo_watch.h:45] 18ms in ProcessBatch(rbc_batches/aaaaab.batch) [including 1ms in LoadMessage; 0ms in InitializeSparseNdw; 0ms in FindReuseThetaCacheEntry; 0ms in InitializeTheta; 0ms in CreateRegularizerAgents; 8ms in InferThetaAndUpdateNwtSparse; 0ms in UpdateCacheEntry; 7ms in CalculateScore(^^^ItemsProcessedScore^^^); ]
I0615 00:01:24.433679 10358 processor.cc:925] Processor: complete processing batch e74c72f5-5301-41ee-bfbf-9bea1a09ec86 into model nwt
I0615 00:01:24.434697 10358 cuckoo_watch.h:45] 29ms in ProcessBatch(rbc_batches/aaaaaa.batch) [including 1ms in LoadMessage; 0ms in InitializeSparseNdw; 0ms in FindReuseThetaCacheEntry; 2ms in InitializeTheta; 0ms in CreateRegularizerAgents; 11ms in InferThetaAndUpdateNwtSparse; 0ms in UpdateCacheEntry; 11ms in CalculateScore(^^^ItemsProcessedScore^^^); ]
I0615 00:01:24.435554 28880 master_component.cc:1436] RegularizeModelArgs: rwt_target_name=rwt, pwt_source_name=pwt, nwt_source_name=nwt
I0615 00:01:24.435560 28880 master_component.cc:976] MasterComponent: start regularizing model pwt
I0615 00:01:24.438088 28880 master_component.cc:1002] MasterComponent: complete regularizing model pwt
I0615 00:01:24.438112 28880 master_component.cc:1449] NormalizeModelArgs: pwt_target_name=pwt, nwt_source_name=nwt, rwt_source_name=rwt
I0615 00:01:24.438114 28880 master_component.cc:1006] MasterComponent: start normalizing model nwt
I0615 00:01:24.439976 28880 master_component.cc:1034] MasterComponent: complete normalizing model nwt
I0615 00:01:24.441704 28880 master_component.cc:1473] DisposeModel rwt
I0615 00:01:24.441905 28880 master_component.cc:1059] FitOffline: ItemsProcessed, num_items=1599, num_batches=2, token_weight=80972, token_weight_in_effect=80972
I0615 00:01:24.442077 28880 c_interface.cc:389] Pass FitOfflineMasterModelArgs, batch_filename_size=2, batch_weight_size=2, num_collection_passes=1, reset_nwt=yes to MN4artm4core15MasterComponentEFvRKNS_25FitOfflineMasterModelArgsEE
I0615 00:01:24.442093 28880 master_component.cc:1398] ProcessBatchesArgs: nwt_target_name=nwt, batch_filename_size=2, batch_size=0, batch_weight_size=2, pwt_source_name=pwt, num_document_passes=1, regularizer=(name:1:urn:uuid:2558544c-ec25-11ec-af68-15f07b0a665d, tau:100000), reuse_theta=yes, opt_for_avx=yes, predict_class_id=, reset_nwt=yes
I0615 00:01:24.444676 10359 processor.cc:820] Processor: start processing batch e74c72f5-5301-41ee-bfbf-9bea1a09ec86 into model nwt
I0615 00:01:24.445238 10358 processor.cc:820] Processor: start processing batch e6ce01eb-a529-4fcf-b13e-93075b3f15cc into model nwt
I0615 00:01:24.463155 10358 processor.cc:925] Processor: complete processing batch e6ce01eb-a529-4fcf-b13e-93075b3f15cc into model nwt
I0615 00:01:24.463505 10358 cuckoo_watch.h:45] 19ms in ProcessBatch(rbc_batches/aaaaab.batch) [including 0ms in LoadMessage; 0ms in InitializeSparseNdw; 0ms in FindReuseThetaCacheEntry; 0ms in InitializeTheta; 0ms in CreateRegularizerAgents; 9ms in InferThetaAndUpdateNwtSparse; 0ms in UpdateCacheEntry; 6ms in CalculateScore(^^^ItemsProcessedScore^^^); ]
I0615 00:01:24.472522 10359 processor.cc:925] Processor: complete processing batch e74c72f5-5301-41ee-bfbf-9bea1a09ec86 into model nwt
I0615 00:01:24.473037 10359 cuckoo_watch.h:45] 29ms in ProcessBatch(rbc_batches/aaaaaa.batch) [including 1ms in LoadMessage; 0ms in InitializeSparseNdw; 0ms in FindReuseThetaCacheEntry; 1ms in InitializeTheta; 0ms in CreateRegularizerAgents; 13ms in InferThetaAndUpdateNwtSparse; 0ms in UpdateCacheEntry; 12ms in CalculateScore(^^^ItemsProcessedScore^^^); ]
I0615 00:01:24.473377 28880 master_component.cc:1436] RegularizeModelArgs: rwt_target_name=rwt, pwt_source_name=pwt, nwt_source_name=nwt
I0615 00:01:24.473384 28880 master_component.cc:976] MasterComponent: start regularizing model pwt
I0615 00:01:24.475431 28880 master_component.cc:1002] MasterComponent: complete regularizing model pwt
I0615 00:01:24.475440 28880 master_component.cc:1449] NormalizeModelArgs: pwt_target_name=pwt, nwt_source_name=nwt, rwt_source_name=rwt
I0615 00:01:24.475442 28880 master_component.cc:1006] MasterComponent: start normalizing model nwt
I0615 00:01:24.477139 28880 master_component.cc:1034] MasterComponent: complete normalizing model nwt
I0615 00:01:24.478837 28880 master_component.cc:1473] DisposeModel rwt
I0615 00:01:24.479041 28880 master_component.cc:1059] FitOffline: ItemsProcessed, num_items=1599, num_batches=2, token_weight=80972, token_weight_in_effect=80972
I0615 00:01:24.479197 28880 c_interface.cc:389] Pass FitOfflineMasterModelArgs, batch_filename_size=2, batch_weight_size=2, num_collection_passes=1, reset_nwt=yes to MN4artm4core15MasterComponentEFvRKNS_25FitOfflineMasterModelArgsEE
I0615 00:01:24.479211 28880 master_component.cc:1398] ProcessBatchesArgs: nwt_target_name=nwt, batch_filename_size=2, batch_size=0, batch_weight_size=2, pwt_source_name=pwt, num_document_passes=1, regularizer=(name:1:urn:uuid:2558544c-ec25-11ec-af68-15f07b0a665d, tau:100000), reuse_theta=yes, opt_for_avx=yes, predict_class_id=, reset_nwt=yes
I0615 00:01:24.482674 10358 processor.cc:820] Processor: start processing batch e6ce01eb-a529-4fcf-b13e-93075b3f15cc into model nwt
I0615 00:01:24.482795 10359 processor.cc:820] Processor: start processing batch e74c72f5-5301-41ee-bfbf-9bea1a09ec86 into model nwt
I0615 00:01:24.503564 10358 processor.cc:925] Processor: complete processing batch e6ce01eb-a529-4fcf-b13e-93075b3f15cc into model nwt
I0615 00:01:24.504127 10358 cuckoo_watch.h:45] 23ms in ProcessBatch(rbc_batches/aaaaab.batch) [including 1ms in LoadMessage; 0ms in InitializeSparseNdw; 0ms in FindReuseThetaCacheEntry; 1ms in InitializeTheta; 0ms in CreateRegularizerAgents; 9ms in InferThetaAndUpdateNwtSparse; 0ms in UpdateCacheEntry; 8ms in CalculateScore(^^^ItemsProcessedScore^^^); ]
I0615 00:01:24.511639 10359 processor.cc:925] Processor: complete processing batch e74c72f5-5301-41ee-bfbf-9bea1a09ec86 into model nwt
I0615 00:01:24.512145 10359 cuckoo_watch.h:45] 31ms in ProcessBatch(rbc_batches/aaaaaa.batch) [including 2ms in LoadMessage; 0ms in InitializeSparseNdw; 0ms in FindReuseThetaCacheEntry; 2ms in InitializeTheta; 0ms in CreateRegularizerAgents; 13ms in InferThetaAndUpdateNwtSparse; 0ms in UpdateCacheEntry; 11ms in CalculateScore(^^^ItemsProcessedScore^^^); ]
I0615 00:01:24.513032 28880 master_component.cc:1436] RegularizeModelArgs: rwt_target_name=rwt, pwt_source_name=pwt, nwt_source_name=nwt
I0615 00:01:24.513038 28880 master_component.cc:976] MasterComponent: start regularizing model pwt
I0615 00:01:24.516073 28880 master_component.cc:1002] MasterComponent: complete regularizing model pwt
I0615 00:01:24.516124 28880 master_component.cc:1449] NormalizeModelArgs: pwt_target_name=pwt, nwt_source_name=nwt, rwt_source_name=rwt
I0615 00:01:24.516129 28880 master_component.cc:1006] MasterComponent: start normalizing model nwt
I0615 00:01:24.519161 28880 master_component.cc:1034] MasterComponent: complete normalizing model nwt
I0615 00:01:24.521293 28880 master_component.cc:1473] DisposeModel rwt
I0615 00:01:24.521539 28880 master_component.cc:1059] FitOffline: ItemsProcessed, num_items=1599, num_batches=2, token_weight=80972, token_weight_in_effect=80972
I0615 00:01:24.521680 28880 c_interface.cc:389] Pass FitOfflineMasterModelArgs, batch_filename_size=2, batch_weight_size=2, num_collection_passes=1, reset_nwt=yes to MN4artm4core15MasterComponentEFvRKNS_25FitOfflineMasterModelArgsEE
I0615 00:01:24.521696 28880 master_component.cc:1398] ProcessBatchesArgs: nwt_target_name=nwt, batch_filename_size=2, batch_size=0, batch_weight_size=2, pwt_source_name=pwt, num_document_passes=1, regularizer=(name:1:urn:uuid:2558544c-ec25-11ec-af68-15f07b0a665d, tau:100000), reuse_theta=yes, opt_for_avx=yes, predict_class_id=, reset_nwt=yes
I0615 00:01:24.524246 10358 processor.cc:820] Processor: start processing batch e74c72f5-5301-41ee-bfbf-9bea1a09ec86 into model nwt
I0615 00:01:24.525732 10359 processor.cc:820] Processor: start processing batch e6ce01eb-a529-4fcf-b13e-93075b3f15cc into model nwt
I0615 00:01:24.551657 10359 processor.cc:925] Processor: complete processing batch e6ce01eb-a529-4fcf-b13e-93075b3f15cc into model nwt
I0615 00:01:24.552182 10359 cuckoo_watch.h:45] 28ms in ProcessBatch(rbc_batches/aaaaab.batch) [including 1ms in LoadMessage; 0ms in InitializeSparseNdw; 0ms in FindReuseThetaCacheEntry; 1ms in InitializeTheta; 0ms in CreateRegularizerAgents; 12ms in InferThetaAndUpdateNwtSparse; 0ms in UpdateCacheEntry; 11ms in CalculateScore(^^^ItemsProcessedScore^^^); ]
I0615 00:01:24.559151 10358 processor.cc:925] Processor: complete processing batch e74c72f5-5301-41ee-bfbf-9bea1a09ec86 into model nwt
I0615 00:01:24.559617 10358 cuckoo_watch.h:45] 36ms in ProcessBatch(rbc_batches/aaaaaa.batch) [including 1ms in LoadMessage; 0ms in InitializeSparseNdw; 0ms in FindReuseThetaCacheEntry; 3ms in InitializeTheta; 0ms in CreateRegularizerAgents; 16ms in InferThetaAndUpdateNwtSparse; 0ms in UpdateCacheEntry; 14ms in CalculateScore(^^^ItemsProcessedScore^^^); ]
I0615 00:01:24.560492 28880 master_component.cc:1436] RegularizeModelArgs: rwt_target_name=rwt, pwt_source_name=pwt, nwt_source_name=nwt
I0615 00:01:24.560498 28880 master_component.cc:976] MasterComponent: start regularizing model pwt
I0615 00:01:24.562513 28880 master_component.cc:1002] MasterComponent: complete regularizing model pwt
I0615 00:01:24.562520 28880 master_component.cc:1449] NormalizeModelArgs: pwt_target_name=pwt, nwt_source_name=nwt, rwt_source_name=rwt
I0615 00:01:24.562523 28880 master_component.cc:1006] MasterComponent: start normalizing model nwt
I0615 00:01:24.564287 28880 master_component.cc:1034] MasterComponent: complete normalizing model nwt
I0615 00:01:24.566951 28880 master_component.cc:1473] DisposeModel rwt
I0615 00:01:24.567451 28880 master_component.cc:1059] FitOffline: ItemsProcessed, num_items=1599, num_batches=2, token_weight=80972, token_weight_in_effect=80972
I0615 00:01:24.567798 28880 c_interface.cc:389] Pass FitOfflineMasterModelArgs, batch_filename_size=2, batch_weight_size=2, num_collection_passes=1, reset_nwt=yes to MN4artm4core15MasterComponentEFvRKNS_25FitOfflineMasterModelArgsEE
I0615 00:01:24.567834 28880 master_component.cc:1398] ProcessBatchesArgs: nwt_target_name=nwt, batch_filename_size=2, batch_size=0, batch_weight_size=2, pwt_source_name=pwt, num_document_passes=1, regularizer=(name:1:urn:uuid:2558544c-ec25-11ec-af68-15f07b0a665d, tau:100000), reuse_theta=yes, opt_for_avx=yes, predict_class_id=, reset_nwt=yes
I0615 00:01:24.571121 10358 processor.cc:820] Processor: start processing batch e74c72f5-5301-41ee-bfbf-9bea1a09ec86 into model nwt
I0615 00:01:24.571486 10359 processor.cc:820] Processor: start processing batch e6ce01eb-a529-4fcf-b13e-93075b3f15cc into model nwt
I0615 00:01:24.589037 10359 processor.cc:925] Processor: complete processing batch e6ce01eb-a529-4fcf-b13e-93075b3f15cc into model nwt
I0615 00:01:24.589552 10359 cuckoo_watch.h:45] 19ms in ProcessBatch(rbc_batches/aaaaab.batch) [including 1ms in LoadMessage; 0ms in InitializeSparseNdw; 0ms in FindReuseThetaCacheEntry; 0ms in InitializeTheta; 0ms in CreateRegularizerAgents; 7ms in InferThetaAndUpdateNwtSparse; 0ms in UpdateCacheEntry; 9ms in CalculateScore(^^^ItemsProcessedScore^^^); ]
I0615 00:01:24.596297 10358 processor.cc:925] Processor: complete processing batch e74c72f5-5301-41ee-bfbf-9bea1a09ec86 into model nwt
