I0615 00:01:30.820274 28880 master_component.cc:1398] ProcessBatchesArgs: nwt_target_name=nwt, batch_filename_size=2, batch_size=0, batch_weight_size=2, pwt_source_name=pwt, num_document_passes=1, regularizer=(name:1:urn:uuid:2558544c-ec25-11ec-af68-15f07b0a665d, tau:100000), regularizer=(name:1:urn:uuid:276ce770-ec25-11ec-af68-15f07b0a665d, tau:-100000), reuse_theta=yes, opt_for_avx=yes, predict_class_id=, reset_nwt=yes
I0615 00:01:30.822899 10358 processor.cc:820] Processor: start processing batch e6ce01eb-a529-4fcf-b13e-93075b3f15cc into model nwt
I0615 00:01:30.823118 10359 processor.cc:820] Processor: start processing batch e74c72f5-5301-41ee-bfbf-9bea1a09ec86 into model nwt
I0615 00:01:30.837735 10358 processor.cc:925] Processor: complete processing batch e6ce01eb-a529-4fcf-b13e-93075b3f15cc into model nwt
I0615 00:01:30.838064 10358 cuckoo_watch.h:45] 16ms in ProcessBatch(rbc_batches/aaaaab.batch) [including 1ms in LoadMessage; 0ms in InitializeSparseNdw; 0ms in FindReuseThetaCacheEntry; 0ms in InitializeTheta; 0ms in CreateRegularizerAgents; 7ms in InferThetaAndUpdateNwtSparse; 0ms in UpdateCacheEntry; 6ms in CalculateScore(^^^ItemsProcessedScore^^^); ]
I0615 00:01:30.847002 10359 processor.cc:925] Processor: complete processing batch e74c72f5-5301-41ee-bfbf-9bea1a09ec86 into model nwt
I0615 00:01:30.847479 10359 cuckoo_watch.h:45] 25ms in ProcessBatch(rbc_batches/aaaaaa.batch) [including 1ms in LoadMessage; 0ms in InitializeSparseNdw; 0ms in FindReuseThetaCacheEntry; 1ms in InitializeTheta; 0ms in CreateRegularizerAgents; 10ms in InferThetaAndUpdateNwtSparse; 0ms in UpdateCacheEntry; 11ms in CalculateScore(^^^ItemsProcessedScore^^^); ]
I0615 00:01:30.848315 28880 master_component.cc:1436] RegularizeModelArgs: rwt_target_name=rwt, pwt_source_name=pwt, nwt_source_name=nwt
I0615 00:01:30.848322 28880 master_component.cc:976] MasterComponent: start regularizing model pwt
I0615 00:01:30.851084 28880 master_component.cc:1002] MasterComponent: complete regularizing model pwt
I0615 00:01:30.851092 28880 master_component.cc:1449] NormalizeModelArgs: pwt_target_name=pwt, nwt_source_name=nwt, rwt_source_name=rwt
I0615 00:01:30.851094 28880 master_component.cc:1006] MasterComponent: start normalizing model nwt
I0615 00:01:30.853011 28880 master_component.cc:1034] MasterComponent: complete normalizing model nwt
I0615 00:01:30.854717 28880 master_component.cc:1473] DisposeModel rwt
I0615 00:01:30.854895 28880 master_component.cc:1059] FitOffline: ItemsProcessed, num_items=1599, num_batches=2, token_weight=80972, token_weight_in_effect=80972
I0615 00:01:30.855064 28880 c_interface.cc:389] Pass FitOfflineMasterModelArgs, batch_filename_size=2, batch_weight_size=2, num_collection_passes=1, reset_nwt=yes to MN4artm4core15MasterComponentEFvRKNS_25FitOfflineMasterModelArgsEE
I0615 00:01:30.855080 28880 master_component.cc:1398] ProcessBatchesArgs: nwt_target_name=nwt, batch_filename_size=2, batch_size=0, batch_weight_size=2, pwt_source_name=pwt, num_document_passes=1, regularizer=(name:1:urn:uuid:2558544c-ec25-11ec-af68-15f07b0a665d, tau:100000), regularizer=(name:1:urn:uuid:276ce770-ec25-11ec-af68-15f07b0a665d, tau:-100000), reuse_theta=yes, opt_for_avx=yes, predict_class_id=, reset_nwt=yes
I0615 00:01:30.857546 10358 processor.cc:820] Processor: start processing batch e74c72f5-5301-41ee-bfbf-9bea1a09ec86 into model nwt
I0615 00:01:30.858137 10359 processor.cc:820] Processor: start processing batch e6ce01eb-a529-4fcf-b13e-93075b3f15cc into model nwt
I0615 00:01:30.873291 10359 processor.cc:925] Processor: complete processing batch e6ce01eb-a529-4fcf-b13e-93075b3f15cc into model nwt
I0615 00:01:30.873647 10359 cuckoo_watch.h:45] 16ms in ProcessBatch(rbc_batches/aaaaab.batch) [including 1ms in LoadMessage; 0ms in InitializeSparseNdw; 0ms in FindReuseThetaCacheEntry; 0ms in InitializeTheta; 0ms in CreateRegularizerAgents; 7ms in InferThetaAndUpdateNwtSparse; 0ms in UpdateCacheEntry; 6ms in CalculateScore(^^^ItemsProcessedScore^^^); ]
I0615 00:01:30.881757 10358 processor.cc:925] Processor: complete processing batch e74c72f5-5301-41ee-bfbf-9bea1a09ec86 into model nwt
I0615 00:01:30.882225 10358 cuckoo_watch.h:45] 26ms in ProcessBatch(rbc_batches/aaaaaa.batch) [including 1ms in LoadMessage; 0ms in InitializeSparseNdw; 0ms in FindReuseThetaCacheEntry; 1ms in InitializeTheta; 0ms in CreateRegularizerAgents; 10ms in InferThetaAndUpdateNwtSparse; 0ms in UpdateCacheEntry; 11ms in CalculateScore(^^^ItemsProcessedScore^^^); ]
I0615 00:01:30.883496 28880 master_component.cc:1436] RegularizeModelArgs: rwt_target_name=rwt, pwt_source_name=pwt, nwt_source_name=nwt
I0615 00:01:30.883503 28880 master_component.cc:976] MasterComponent: start regularizing model pwt
I0615 00:01:30.886227 28880 master_component.cc:1002] MasterComponent: complete regularizing model pwt
I0615 00:01:30.886236 28880 master_component.cc:1449] NormalizeModelArgs: pwt_target_name=pwt, nwt_source_name=nwt, rwt_source_name=rwt
I0615 00:01:30.886240 28880 master_component.cc:1006] MasterComponent: start normalizing model nwt
I0615 00:01:30.888257 28880 master_component.cc:1034] MasterComponent: complete normalizing model nwt
I0615 00:01:30.890149 28880 master_component.cc:1473] DisposeModel rwt
I0615 00:01:30.890349 28880 master_component.cc:1059] FitOffline: ItemsProcessed, num_items=1599, num_batches=2, token_weight=80972, token_weight_in_effect=80972
I0615 00:01:30.890480 28880 c_interface.cc:389] Pass FitOfflineMasterModelArgs, batch_filename_size=2, batch_weight_size=2, num_collection_passes=1, reset_nwt=yes to MN4artm4core15MasterComponentEFvRKNS_25FitOfflineMasterModelArgsEE
I0615 00:01:30.890496 28880 master_component.cc:1398] ProcessBatchesArgs: nwt_target_name=nwt, batch_filename_size=2, batch_size=0, batch_weight_size=2, pwt_source_name=pwt, num_document_passes=1, regularizer=(name:1:urn:uuid:2558544c-ec25-11ec-af68-15f07b0a665d, tau:100000), regularizer=(name:1:urn:uuid:276ce770-ec25-11ec-af68-15f07b0a665d, tau:-100000), reuse_theta=yes, opt_for_avx=yes, predict_class_id=, reset_nwt=yes
I0615 00:01:30.893134 10358 processor.cc:820] Processor: start processing batch e6ce01eb-a529-4fcf-b13e-93075b3f15cc into model nwt
I0615 00:01:30.893597 10359 processor.cc:820] Processor: start processing batch e74c72f5-5301-41ee-bfbf-9bea1a09ec86 into model nwt
I0615 00:01:30.908401 10358 processor.cc:925] Processor: complete processing batch e6ce01eb-a529-4fcf-b13e-93075b3f15cc into model nwt
I0615 00:01:30.908756 10358 cuckoo_watch.h:45] 16ms in ProcessBatch(rbc_batches/aaaaab.batch) [including 0ms in LoadMessage; 0ms in InitializeSparseNdw; 0ms in FindReuseThetaCacheEntry; 0ms in InitializeTheta; 0ms in CreateRegularizerAgents; 7ms in InferThetaAndUpdateNwtSparse; 0ms in UpdateCacheEntry; 6ms in CalculateScore(^^^ItemsProcessedScore^^^); ]
I0615 00:01:30.917678 10359 processor.cc:925] Processor: complete processing batch e74c72f5-5301-41ee-bfbf-9bea1a09ec86 into model nwt
I0615 00:01:30.918113 10359 cuckoo_watch.h:45] 25ms in ProcessBatch(rbc_batches/aaaaaa.batch) [including 1ms in LoadMessage; 0ms in InitializeSparseNdw; 0ms in FindReuseThetaCacheEntry; 1ms in InitializeTheta; 0ms in CreateRegularizerAgents; 11ms in InferThetaAndUpdateNwtSparse; 0ms in UpdateCacheEntry; 10ms in CalculateScore(^^^ItemsProcessedScore^^^); ]
I0615 00:01:30.918635 28880 master_component.cc:1436] RegularizeModelArgs: rwt_target_name=rwt, pwt_source_name=pwt, nwt_source_name=nwt
I0615 00:01:30.918642 28880 master_component.cc:976] MasterComponent: start regularizing model pwt
I0615 00:01:30.921471 28880 master_component.cc:1002] MasterComponent: complete regularizing model pwt
I0615 00:01:30.921481 28880 master_component.cc:1449] NormalizeModelArgs: pwt_target_name=pwt, nwt_source_name=nwt, rwt_source_name=rwt
I0615 00:01:30.921484 28880 master_component.cc:1006] MasterComponent: start normalizing model nwt
I0615 00:01:30.923444 28880 master_component.cc:1034] MasterComponent: complete normalizing model nwt
I0615 00:01:30.925242 28880 master_component.cc:1473] DisposeModel rwt
I0615 00:01:30.925405 28880 master_component.cc:1059] FitOffline: ItemsProcessed, num_items=1599, num_batches=2, token_weight=80972, token_weight_in_effect=80972
I0615 00:01:30.925575 28880 c_interface.cc:389] Pass FitOfflineMasterModelArgs, batch_filename_size=2, batch_weight_size=2, num_collection_passes=1, reset_nwt=yes to MN4artm4core15MasterComponentEFvRKNS_25FitOfflineMasterModelArgsEE
I0615 00:01:30.925607 28880 master_component.cc:1398] ProcessBatchesArgs: nwt_target_name=nwt, batch_filename_size=2, batch_size=0, batch_weight_size=2, pwt_source_name=pwt, num_document_passes=1, regularizer=(name:1:urn:uuid:2558544c-ec25-11ec-af68-15f07b0a665d, tau:100000), regularizer=(name:1:urn:uuid:276ce770-ec25-11ec-af68-15f07b0a665d, tau:-100000), reuse_theta=yes, opt_for_avx=yes, predict_class_id=, reset_nwt=yes
I0615 00:01:30.928112 10359 processor.cc:820] Processor: start processing batch e74c72f5-5301-41ee-bfbf-9bea1a09ec86 into model nwt
I0615 00:01:30.928180 10358 processor.cc:820] Processor: start processing batch e6ce01eb-a529-4fcf-b13e-93075b3f15cc into model nwt
I0615 00:01:30.943100 10358 processor.cc:925] Processor: complete processing batch e6ce01eb-a529-4fcf-b13e-93075b3f15cc into model nwt
I0615 00:01:30.943444 10358 cuckoo_watch.h:45] 16ms in ProcessBatch(rbc_batches/aaaaab.batch) [including 1ms in LoadMessage; 0ms in InitializeSparseNdw; 0ms in FindReuseThetaCacheEntry; 0ms in InitializeTheta; 0ms in CreateRegularizerAgents; 7ms in InferThetaAndUpdateNwtSparse; 0ms in UpdateCacheEntry; 6ms in CalculateScore(^^^ItemsProcessedScore^^^); ]
I0615 00:01:30.951836 10359 processor.cc:925] Processor: complete processing batch e74c72f5-5301-41ee-bfbf-9bea1a09ec86 into model nwt
I0615 00:01:30.952309 10359 cuckoo_watch.h:45] 25ms in ProcessBatch(rbc_batches/aaaaaa.batch) [including 1ms in LoadMessage; 0ms in InitializeSparseNdw; 0ms in FindReuseThetaCacheEntry; 1ms in InitializeTheta; 0ms in CreateRegularizerAgents; 10ms in InferThetaAndUpdateNwtSparse; 0ms in UpdateCacheEntry; 10ms in CalculateScore(^^^ItemsProcessedScore^^^); ]
I0615 00:01:30.952975 28880 master_component.cc:1436] RegularizeModelArgs: rwt_target_name=rwt, pwt_source_name=pwt, nwt_source_name=nwt
I0615 00:01:30.952982 28880 master_component.cc:976] MasterComponent: start regularizing model pwt
I0615 00:01:30.955714 28880 master_component.cc:1002] MasterComponent: complete regularizing model pwt
I0615 00:01:30.955725 28880 master_component.cc:1449] NormalizeModelArgs: pwt_target_name=pwt, nwt_source_name=nwt, rwt_source_name=rwt
I0615 00:01:30.955729 28880 master_component.cc:1006] MasterComponent: start normalizing model nwt
I0615 00:01:30.957723 28880 master_component.cc:1034] MasterComponent: complete normalizing model nwt
I0615 00:01:30.959537 28880 master_component.cc:1473] DisposeModel rwt
I0615 00:01:30.959717 28880 master_component.cc:1059] FitOffline: ItemsProcessed, num_items=1599, num_batches=2, token_weight=80972, token_weight_in_effect=80972
I0615 00:01:30.959864 28880 c_interface.cc:389] Pass FitOfflineMasterModelArgs, batch_filename_size=2, batch_weight_size=2, num_collection_passes=1, reset_nwt=yes to MN4artm4core15MasterComponentEFvRKNS_25FitOfflineMasterModelArgsEE
I0615 00:01:30.959880 28880 master_component.cc:1398] ProcessBatchesArgs: nwt_target_name=nwt, batch_filename_size=2, batch_size=0, batch_weight_size=2, pwt_source_name=pwt, num_document_passes=1, regularizer=(name:1:urn:uuid:2558544c-ec25-11ec-af68-15f07b0a665d, tau:100000), regularizer=(name:1:urn:uuid:276ce770-ec25-11ec-af68-15f07b0a665d, tau:-100000), reuse_theta=yes, opt_for_avx=yes, predict_class_id=, reset_nwt=yes
I0615 00:01:30.962468 10359 processor.cc:820] Processor: start processing batch e74c72f5-5301-41ee-bfbf-9bea1a09ec86 into model nwt
I0615 00:01:30.963177 10358 processor.cc:820] Processor: start processing batch e6ce01eb-a529-4fcf-b13e-93075b3f15cc into model nwt
I0615 00:01:30.977962 10358 processor.cc:925] Processor: complete processing batch e6ce01eb-a529-4fcf-b13e-93075b3f15cc into model nwt
I0615 00:01:30.978308 10358 cuckoo_watch.h:45] 16ms in ProcessBatch(rbc_batches/aaaaab.batch) [including 1ms in LoadMessage; 0ms in InitializeSparseNdw; 0ms in FindReuseThetaCacheEntry; 0ms in InitializeTheta; 0ms in CreateRegularizerAgents; 7ms in InferThetaAndUpdateNwtSparse; 0ms in UpdateCacheEntry; 6ms in CalculateScore(^^^ItemsProcessedScore^^^); ]
I0615 00:01:30.986444 10359 processor.cc:925] Processor: complete processing batch e74c72f5-5301-41ee-bfbf-9bea1a09ec86 into model nwt
I0615 00:01:30.986938 28880 master_component.cc:1436] RegularizeModelArgs: rwt_target_name=rwt, pwt_source_name=pwt, nwt_source_name=nwt
I0615 00:01:30.986999 28880 master_component.cc:976] MasterComponent: start regularizing model pwt
I0615 00:01:30.987032 10359 cuckoo_watch.h:45] 26ms in ProcessBatch(rbc_batches/aaaaaa.batch) [including 1ms in LoadMessage; 0ms in InitializeSparseNdw; 0ms in FindReuseThetaCacheEntry; 1ms in InitializeTheta; 0ms in CreateRegularizerAgents; 10ms in InferThetaAndUpdateNwtSparse; 0ms in UpdateCacheEntry; 11ms in CalculateScore(^^^ItemsProcessedScore^^^); ]
I0615 00:01:30.989671 28880 master_component.cc:1002] MasterComponent: complete regularizing model pwt
I0615 00:01:30.989681 28880 master_component.cc:1449] NormalizeModelArgs: pwt_target_name=pwt, nwt_source_name=nwt, rwt_source_name=rwt
I0615 00:01:30.989682 28880 master_component.cc:1006] MasterComponent: start normalizing model nwt
I0615 00:01:30.991724 28880 master_component.cc:1034] MasterComponent: complete normalizing model nwt
I0615 00:01:30.993477 28880 master_component.cc:1473] DisposeModel rwt
I0615 00:01:30.993683 28880 master_component.cc:1059] FitOffline: ItemsProcessed, num_items=1599, num_batches=2, token_weight=80972, token_weight_in_effect=80972
I0615 00:01:30.993832 28880 c_interface.cc:389] Pass FitOfflineMasterModelArgs, batch_filename_size=2, batch_weight_size=2, num_collection_passes=1, reset_nwt=yes to MN4artm4core15MasterComponentEFvRKNS_25FitOfflineMasterModelArgsEE
I0615 00:01:30.993847 28880 master_component.cc:1398] ProcessBatchesArgs: nwt_target_name=nwt, batch_filename_size=2, batch_size=0, batch_weight_size=2, pwt_source_name=pwt, num_document_passes=1, regularizer=(name:1:urn:uuid:2558544c-ec25-11ec-af68-15f07b0a665d, tau:100000), regularizer=(name:1:urn:uuid:276ce770-ec25-11ec-af68-15f07b0a665d, tau:-100000), reuse_theta=yes, opt_for_avx=yes, predict_class_id=, reset_nwt=yes
I0615 00:01:30.996866 10358 processor.cc:820] Processor: start processing batch e6ce01eb-a529-4fcf-b13e-93075b3f15cc into model nwt
I0615 00:01:30.997264 10359 processor.cc:820] Processor: start processing batch e74c72f5-5301-41ee-bfbf-9bea1a09ec86 into model nwt
I0615 00:01:31.011675 10358 processor.cc:925] Processor: complete processing batch e6ce01eb-a529-4fcf-b13e-93075b3f15cc into model nwt
I0615 00:01:31.012005 10358 cuckoo_watch.h:45] 16ms in ProcessBatch(rbc_batches/aaaaab.batch) [including 1ms in LoadMessage; 0ms in InitializeSparseNdw; 0ms in FindReuseThetaCacheEntry; 0ms in InitializeTheta; 0ms in CreateRegularizerAgents; 7ms in InferThetaAndUpdateNwtSparse; 0ms in UpdateCacheEntry; 6ms in CalculateScore(^^^ItemsProcessedScore^^^); ]
I0615 00:01:31.020690 10359 processor.cc:925] Processor: complete processing batch e74c72f5-5301-41ee-bfbf-9bea1a09ec86 into model nwt
I0615 00:01:31.021175 10359 cuckoo_watch.h:45] 25ms in ProcessBatch(rbc_batches/aaaaaa.batch) [including 1ms in LoadMessage; 0ms in InitializeSparseNdw; 0ms in FindReuseThetaCacheEntry; 1ms in InitializeTheta; 0ms in CreateRegularizerAgents; 10ms in InferThetaAndUpdateNwtSparse; 0ms in UpdateCacheEntry; 10ms in CalculateScore(^^^ItemsProcessedScore^^^); ]
I0615 00:01:31.021795 28880 master_component.cc:1436] RegularizeModelArgs: rwt_target_name=rwt, pwt_source_name=pwt, nwt_source_name=nwt
I0615 00:01:31.021802 28880 master_component.cc:976] MasterComponent: start regularizing model pwt
I0615 00:01:31.024566 28880 master_component.cc:1002] MasterComponent: complete regularizing model pwt
I0615 00:01:31.024574 28880 master_component.cc:1449] NormalizeModelArgs: pwt_target_name=pwt, nwt_source_name=nwt, rwt_source_name=rwt
I0615 00:01:31.024576 28880 master_component.cc:1006] MasterComponent: start normalizing model nwt
I0615 00:01:31.026527 28880 master_component.cc:1034] MasterComponent: complete normalizing model nwt
I0615 00:01:31.028331 28880 master_component.cc:1473] DisposeModel rwt
I0615 00:01:31.028532 28880 master_component.cc:1059] FitOffline: ItemsProcessed, num_items=1599, num_batches=2, token_weight=80972, token_weight_in_effect=80972
I0615 00:01:31.028687 28880 c_interface.cc:389] Pass FitOfflineMasterModelArgs, batch_filename_size=2, batch_weight_size=2, num_collection_passes=1, reset_nwt=yes to MN4artm4core15MasterComponentEFvRKNS_25FitOfflineMasterModelArgsEE
I0615 00:01:31.028735 28880 master_component.cc:1398] ProcessBatchesArgs: nwt_target_name=nwt, batch_filename_size=2, batch_size=0, batch_weight_size=2, pwt_source_name=pwt, num_document_passes=1, regularizer=(name:1:urn:uuid:2558544c-ec25-11ec-af68-15f07b0a665d, tau:100000), regularizer=(name:1:urn:uuid:276ce770-ec25-11ec-af68-15f07b0a665d, tau:-100000), reuse_theta=yes, opt_for_avx=yes, predict_class_id=, reset_nwt=yes
I0615 00:01:31.031513 10358 processor.cc:820] Processor: start processing batch e74c72f5-5301-41ee-bfbf-9bea1a09ec86 into model nwt
I0615 00:01:31.032441 10359 processor.cc:820] Processor: start processing batch e6ce01eb-a529-4fcf-b13e-93075b3f15cc into model nwt
I0615 00:01:31.055703 10359 processor.cc:925] Processor: complete processing batch e6ce01eb-a529-4fcf-b13e-93075b3f15cc into model nwt
I0615 00:01:31.056200 10359 cuckoo_watch.h:45] 25ms in ProcessBatch(rbc_batches/aaaaab.batch) [including 1ms in LoadMessage; 0ms in InitializeSparseNdw; 0ms in FindReuseThetaCacheEntry; 1ms in InitializeTheta; 0ms in CreateRegularizerAgents; 11ms in InferThetaAndUpdateNwtSparse; 0ms in UpdateCacheEntry; 9ms in CalculateScore(^^^ItemsProcessedScore^^^); ]
I0615 00:01:31.064078 10358 processor.cc:925] Processor: complete processing batch e74c72f5-5301-41ee-bfbf-9bea1a09ec86 into model nwt
I0615 00:01:31.064522 10358 cuckoo_watch.h:45] 34ms in ProcessBatch(rbc_batches/aaaaaa.batch) [including 1ms in LoadMessage; 0ms in InitializeSparseNdw; 0ms in FindReuseThetaCacheEntry; 3ms in InitializeTheta; 0ms in CreateRegularizerAgents; 16ms in InferThetaAndUpdateNwtSparse; 0ms in UpdateCacheEntry; 12ms in CalculateScore(^^^ItemsProcessedScore^^^); ]
I0615 00:01:31.064905 28880 master_component.cc:1436] RegularizeModelArgs: rwt_target_name=rwt, pwt_source_name=pwt, nwt_source_name=nwt
I0615 00:01:31.064913 28880 master_component.cc:976] MasterComponent: start regularizing model pwt
I0615 00:01:31.067638 28880 master_component.cc:1002] MasterComponent: complete regularizing model pwt
I0615 00:01:31.067646 28880 master_component.cc:1449] NormalizeModelArgs: pwt_target_name=pwt, nwt_source_name=nwt, rwt_source_name=rwt
I0615 00:01:31.067648 28880 master_component.cc:1006] MasterComponent: start normalizing model nwt
I0615 00:01:31.069634 28880 master_component.cc:1034] MasterComponent: complete normalizing model nwt
I0615 00:01:31.071461 28880 master_component.cc:1473] DisposeModel rwt
I0615 00:01:31.071632 28880 master_component.cc:1059] FitOffline: ItemsProcessed, num_items=1599, num_batches=2, token_weight=80972, token_weight_in_effect=80972
I0615 00:01:31.071785 28880 c_interface.cc:389] Pass FitOfflineMasterModelArgs, batch_filename_size=2, batch_weight_size=2, num_collection_passes=1, reset_nwt=yes to MN4artm4core15MasterComponentEFvRKNS_25FitOfflineMasterModelArgsEE
I0615 00:01:31.071801 28880 master_component.cc:1398] ProcessBatchesArgs: nwt_target_name=nwt, batch_filename_size=2, batch_size=0, batch_weight_size=2, pwt_source_name=pwt, num_document_passes=1, regularizer=(name:1:urn:uuid:2558544c-ec25-11ec-af68-15f07b0a665d, tau:100000), regularizer=(name:1:urn:uuid:276ce770-ec25-11ec-af68-15f07b0a665d, tau:-100000), reuse_theta=yes, opt_for_avx=yes, predict_class_id=, reset_nwt=yes
I0615 00:01:31.075266 10358 processor.cc:820] Processor: start processing batch e6ce01eb-a529-4fcf-b13e-93075b3f15cc into model nwt
I0615 00:01:31.076108 10359 processor.cc:820] Processor: start processing batch e74c72f5-5301-41ee-bfbf-9bea1a09ec86 into model nwt
I0615 00:01:31.098193 10358 processor.cc:925] Processor: complete processing batch e6ce01eb-a529-4fcf-b13e-93075b3f15cc into model nwt
I0615 00:01:31.098733 10358 cuckoo_watch.h:45] 25ms in ProcessBatch(rbc_batches/aaaaab.batch) [including 1ms in LoadMessage; 0ms in InitializeSparseNdw; 0ms in FindReuseThetaCacheEntry; 1ms in InitializeTheta; 0ms in CreateRegularizerAgents; 10ms in InferThetaAndUpdateNwtSparse; 0ms in UpdateCacheEntry; 10ms in CalculateScore(^^^ItemsProcessedScore^^^); ]
I0615 00:01:31.107945 10359 processor.cc:925] Processor: complete processing batch e74c72f5-5301-41ee-bfbf-9bea1a09ec86 into model nwt
I0615 00:01:31.108422 10359 cuckoo_watch.h:45] 34ms in ProcessBatch(rbc_batches/aaaaaa.batch) [including 2ms in LoadMessage; 0ms in InitializeSparseNdw; 0ms in FindReuseThetaCacheEntry; 2ms in InitializeTheta; 0ms in CreateRegularizerAgents; 16ms in InferThetaAndUpdateNwtSparse; 0ms in UpdateCacheEntry; 11ms in CalculateScore(^^^ItemsProcessedScore^^^); ]
I0615 00:01:31.109535 28880 master_component.cc:1436] RegularizeModelArgs: rwt_target_name=rwt, pwt_source_name=pwt, nwt_source_name=nwt
I0615 00:01:31.109542 28880 master_component.cc:976] MasterComponent: start regularizing model pwt
I0615 00:01:31.112200 28880 master_component.cc:1002] MasterComponent: complete regularizing model pwt
I0615 00:01:31.112207 28880 master_component.cc:1449] NormalizeModelArgs: pwt_target_name=pwt, nwt_source_name=nwt, rwt_source_name=rwt
I0615 00:01:31.112210 28880 master_component.cc:1006] MasterComponent: start normalizing model nwt
I0615 00:01:31.114223 28880 master_component.cc:1034] MasterComponent: complete normalizing model nwt
I0615 00:01:31.116034 28880 master_component.cc:1473] DisposeModel rwt
I0615 00:01:31.116202 28880 master_component.cc:1059] FitOffline: ItemsProcessed, num_items=1599, num_batches=2, token_weight=80972, token_weight_in_effect=80972
I0615 00:01:31.119236 10358 processor.cc:740] No data in processing queue, waiting...
I0615 00:01:31.128897 10359 processor.cc:740] No data in processing queue, waiting...
I0615 00:01:41.899346 28880 c_interface.cc:231] ArtmCopyRequestedMessage is copying 525973 bytes...
I0615 00:01:43.720918 28880 c_interface.cc:231] ArtmCopyRequestedMessage is copying 525973 bytes...
I0615 00:01:47.600900 28880 c_interface.cc:271] Pass MasterModelConfig: topic_name_size=15, score_config_size=1, num_processors=0, pwt_name=pwt, nwt_name=nwt, num_document_passes=5, reuse_theta=yes, cache_theta=yes, opt_for_avx=yes, disk_cache_path= to ArtmCreateMasterModel
I0615 00:01:47.601086 28880 instance.cc:401] MasterModelConfig.processors_count is automatically set to 4
I0615 00:01:47.601572 28880 c_interface.cc:274] Creating MasterModel (id=5)...
I0615 00:01:47.601727 28880 c_interface.cc:375] Pass pwt to MN4artm4core15MasterComponentEFvRKSsE
I0615 00:01:47.601768 28880 c_interface.cc:375] Pass nwt to MN4artm4core15MasterComponentEFvRKSsE
I0615 00:01:47.601963 28880 c_interface.cc:389] Pass InitializeModelArgs: model_name=pwt, dictionary_name=dict, topic_name_size=15, seed=-1 to MN4artm4core15MasterComponentEFvRKNS_19InitializeModelArgsEE
I0615 00:01:47.602617 10373 processor.cc:724] Processor thread started
I0615 00:01:47.606686 28880 master_component.cc:664] InitializeModel() created matrix pwt with 15 topics and 1000 tokens; 
I0615 00:01:47.606837 28880 c_interface.cc:389] Pass InitializeModelArgs: model_name=nwt, dictionary_name=dict, topic_name_size=15, seed=-1 to MN4artm4core15MasterComponentEFvRKNS_19InitializeModelArgsEE
I0615 00:01:47.607060 10375 processor.cc:724] Processor thread started
I0615 00:01:47.607128 10374 processor.cc:724] Processor thread started
I0615 00:01:47.607175 10376 processor.cc:724] Processor thread started
I0615 00:01:47.611070 28880 master_component.cc:664] InitializeModel() created matrix nwt with 15 topics and 1000 tokens; 
I0615 00:01:47.611317 28880 c_interface.cc:231] ArtmCopyRequestedMessage is copying 227 bytes...
I0615 00:01:47.611878 28880 c_interface.cc:389] Pass MasterModelConfig: topic_name_size=15, score_config_size=1, num_processors=0, pwt_name=pwt, nwt_name=nwt, num_document_passes=5, regularizer=(lda_theta_reg:0.01), reuse_theta=yes, cache_theta=yes, opt_for_avx=yes, disk_cache_path= to MN4artm4core15MasterComponentEFvRKNS_17MasterModelConfigEE
I0615 00:01:47.611914 28880 instance.cc:401] MasterModelConfig.processors_count is automatically set to 4
I0615 00:01:47.611948 28880 instance.cc:226] Regularizer 'lda_theta_reg' was cold-reconfigured
I0615 00:01:47.612730 28880 c_interface.cc:389] Pass MasterModelConfig: topic_name_size=15, score_config_size=1, num_processors=0, pwt_name=pwt, nwt_name=nwt, num_document_passes=5, regularizer=(lda_theta_reg:0.01), regularizer=(lda_phi_reg:0.001), reuse_theta=yes, cache_theta=yes, opt_for_avx=yes, disk_cache_path= to MN4artm4core15MasterComponentEFvRKNS_17MasterModelConfigEE
I0615 00:01:47.612850 28880 instance.cc:401] MasterModelConfig.processors_count is automatically set to 4
I0615 00:01:47.612886 28880 instance.cc:226] Regularizer 'lda_theta_reg' was cold-reconfigured
I0615 00:01:47.612900 28880 instance.cc:232] Regularizer 'lda_phi_reg' was cold-reconfigured
I0615 00:01:47.613234 28880 c_interface.cc:389] Pass MasterModelConfig: topic_name_size=15, score_config_size=2, num_processors=0, pwt_name=pwt, nwt_name=nwt, num_document_passes=5, regularizer=(lda_theta_reg:0.01), regularizer=(lda_phi_reg:0.001), reuse_theta=yes, cache_theta=yes, opt_for_avx=yes, disk_cache_path= to MN4artm4core15MasterComponentEFvRKNS_17MasterModelConfigEE
I0615 00:01:47.613261 28880 instance.cc:401] MasterModelConfig.processors_count is automatically set to 4
I0615 00:01:47.613277 28880 perplexity.cc:26] Perplexity score calculator created: model_type=1, dictionary_name=dict
I0615 00:01:47.613303 28880 instance.cc:226] Regularizer 'lda_theta_reg' was cold-reconfigured
I0615 00:01:47.613312 28880 instance.cc:232] Regularizer 'lda_phi_reg' was cold-reconfigured
I0615 00:01:47.613516 28880 c_interface.cc:389] Pass MasterModelConfig: topic_name_size=15, score_config_size=3, num_processors=0, pwt_name=pwt, nwt_name=nwt, num_document_passes=5, regularizer=(lda_theta_reg:0.01), regularizer=(lda_phi_reg:0.001), reuse_theta=yes, cache_theta=yes, opt_for_avx=yes, disk_cache_path= to MN4artm4core15MasterComponentEFvRKNS_17MasterModelConfigEE
I0615 00:01:47.613531 28880 instance.cc:401] MasterModelConfig.processors_count is automatically set to 4
I0615 00:01:47.613540 28880 perplexity.cc:26] Perplexity score calculator created: model_type=1, dictionary_name=dict
I0615 00:01:47.613556 28880 instance.cc:226] Regularizer 'lda_theta_reg' was cold-reconfigured
I0615 00:01:47.613561 28880 instance.cc:232] Regularizer 'lda_phi_reg' was cold-reconfigured
I0615 00:01:47.613731 28880 c_interface.cc:389] Pass MasterModelConfig: topic_name_size=15, score_config_size=4, num_processors=0, pwt_name=pwt, nwt_name=nwt, num_document_passes=5, regularizer=(lda_theta_reg:0.01), regularizer=(lda_phi_reg:0.001), reuse_theta=yes, cache_theta=yes, opt_for_avx=yes, disk_cache_path= to MN4artm4core15MasterComponentEFvRKNS_17MasterModelConfigEE
I0615 00:01:47.613752 28880 instance.cc:401] MasterModelConfig.processors_count is automatically set to 4
I0615 00:01:47.613766 28880 perplexity.cc:26] Perplexity score calculator created: model_type=1, dictionary_name=dict
I0615 00:01:47.613791 28880 instance.cc:226] Regularizer 'lda_theta_reg' was cold-reconfigured
I0615 00:01:47.613801 28880 instance.cc:232] Regularizer 'lda_phi_reg' was cold-reconfigured
I0615 00:01:47.635174 10376 processor.cc:740] No data in processing queue, waiting...
I0615 00:01:47.635174 10374 processor.cc:740] No data in processing queue, waiting...
I0615 00:01:47.636932 10373 processor.cc:740] No data in processing queue, waiting...
I0615 00:01:47.638358 10375 processor.cc:740] No data in processing queue, waiting...
I0615 00:01:49.205849 28880 c_interface.cc:389] Pass FitOfflineMasterModelArgs, batch_filename_size=2, batch_weight_size=2, num_collection_passes=1, reset_nwt=yes to MN4artm4core15MasterComponentEFvRKNS_25FitOfflineMasterModelArgsEE
I0615 00:01:49.205976 28880 master_component.cc:1398] ProcessBatchesArgs: nwt_target_name=nwt, batch_filename_size=2, batch_size=0, batch_weight_size=2, pwt_source_name=pwt, num_document_passes=5, regularizer=(name:lda_theta_reg, tau:0.01), regularizer=(name:lda_phi_reg, tau:0.001), reuse_theta=yes, opt_for_avx=yes, predict_class_id=, reset_nwt=yes
I0615 00:01:49.207908 28880 master_component.cc:826] Batches count (=2) is smaller than num processors (=4), which may cause suboptimal performance.
I0615 00:01:49.217586 10373 processor.cc:747] Processing queue has data, processing started
I0615 00:01:49.218641 10376 processor.cc:747] Processing queue has data, processing started
I0615 00:01:49.234191 10376 processor.cc:820] Processor: start processing batch e6ce01eb-a529-4fcf-b13e-93075b3f15cc into model nwt
I0615 00:01:49.240223 10373 processor.cc:820] Processor: start processing batch e74c72f5-5301-41ee-bfbf-9bea1a09ec86 into model nwt
I0615 00:01:49.326545 10376 processor.cc:925] Processor: complete processing batch e6ce01eb-a529-4fcf-b13e-93075b3f15cc into model nwt
I0615 00:01:49.326860 10376 cuckoo_watch.h:45] 108ms in ProcessBatch(rbc_batches/aaaaab.batch) [including 15ms in LoadMessage; 1ms in InitializeSparseNdw; 0ms in FindReuseThetaCacheEntry; 0ms in InitializeTheta; 0ms in CreateRegularizerAgents; 65ms in InferThetaAndUpdateNwtSparse; 0ms in UpdateCacheEntry; 13ms in CalculateScore(perp_score); 0ms in CalculateScore(sp_theta_score); 10ms in CalculateScore(^^^ItemsProcessedScore^^^); ]
I0615 00:01:49.338666 10373 processor.cc:925] Processor: complete processing batch e74c72f5-5301-41ee-bfbf-9bea1a09ec86 into model nwt
I0615 00:01:49.339046 10373 cuckoo_watch.h:45] 121ms in ProcessBatch(rbc_batches/aaaaaa.batch) [including 22ms in LoadMessage; 3ms in InitializeSparseNdw; 0ms in FindReuseThetaCacheEntry; 0ms in InitializeTheta; 0ms in CreateRegularizerAgents; 67ms in InferThetaAndUpdateNwtSparse; 0ms in UpdateCacheEntry; 14ms in CalculateScore(perp_score); 0ms in CalculateScore(sp_theta_score); 11ms in CalculateScore(^^^ItemsProcessedScore^^^); ]
I0615 00:01:49.339864 28880 master_component.cc:1436] RegularizeModelArgs: rwt_target_name=rwt, pwt_source_name=pwt, nwt_source_name=nwt
I0615 00:01:49.339869 28880 master_component.cc:976] MasterComponent: start regularizing model pwt
I0615 00:01:49.341872 28880 master_component.cc:1002] MasterComponent: complete regularizing model pwt
I0615 00:01:49.341879 28880 master_component.cc:1449] NormalizeModelArgs: pwt_target_name=pwt, nwt_source_name=nwt, rwt_source_name=rwt
I0615 00:01:49.341882 28880 master_component.cc:1006] MasterComponent: start normalizing model nwt
I0615 00:01:49.343291 28880 master_component.cc:1034] MasterComponent: complete normalizing model nwt
I0615 00:01:49.343403 28880 master_component.cc:1473] DisposeModel rwt
I0615 00:01:49.343551 28880 master_component.cc:1059] FitOffline: ItemsProcessed, num_items=1599, num_batches=2, token_weight=80972, token_weight_in_effect=80972
I0615 00:01:49.343760 28880 c_interface.cc:389] Pass FitOfflineMasterModelArgs, batch_filename_size=2, batch_weight_size=2, num_collection_passes=1, reset_nwt=yes to MN4artm4core15MasterComponentEFvRKNS_25FitOfflineMasterModelArgsEE
I0615 00:01:49.343777 28880 master_component.cc:1398] ProcessBatchesArgs: nwt_target_name=nwt, batch_filename_size=2, batch_size=0, batch_weight_size=2, pwt_source_name=pwt, num_document_passes=5, regularizer=(name:lda_theta_reg, tau:0.01), regularizer=(name:lda_phi_reg, tau:0.001), reuse_theta=yes, opt_for_avx=yes, predict_class_id=, reset_nwt=yes
I0615 00:01:49.344828 10374 processor.cc:747] Processing queue has data, processing started
I0615 00:01:49.345026 10375 processor.cc:747] Processing queue has data, processing started
I0615 00:01:49.346884 10375 processor.cc:820] Processor: start processing batch e6ce01eb-a529-4fcf-b13e-93075b3f15cc into model nwt
I0615 00:01:49.347070 10376 processor.cc:740] No data in processing queue, waiting...
I0615 00:01:49.347321 10374 processor.cc:820] Processor: start processing batch e74c72f5-5301-41ee-bfbf-9bea1a09ec86 into model nwt
I0615 00:01:49.359144 10373 processor.cc:740] No data in processing queue, waiting...
I0615 00:01:49.369392 10375 processor.cc:925] Processor: complete processing batch e6ce01eb-a529-4fcf-b13e-93075b3f15cc into model nwt
I0615 00:01:49.369719 10375 cuckoo_watch.h:45] 24ms in ProcessBatch(rbc_batches/aaaaab.batch) [including 1ms in LoadMessage; 0ms in InitializeSparseNdw; 0ms in FindReuseThetaCacheEntry; 0ms in InitializeTheta; 0ms in CreateRegularizerAgents; 9ms in InferThetaAndUpdateNwtSparse; 0ms in UpdateCacheEntry; 5ms in CalculateScore(perp_score); 0ms in CalculateScore(sp_theta_score); 6ms in CalculateScore(^^^ItemsProcessedScore^^^); ]
I0615 00:01:49.383392 10374 processor.cc:925] Processor: complete processing batch e74c72f5-5301-41ee-bfbf-9bea1a09ec86 into model nwt
I0615 00:01:49.383858 10374 cuckoo_watch.h:45] 38ms in ProcessBatch(rbc_batches/aaaaaa.batch) [including 2ms in LoadMessage; 0ms in InitializeSparseNdw; 0ms in FindReuseThetaCacheEntry; 1ms in InitializeTheta; 0ms in CreateRegularizerAgents; 13ms in InferThetaAndUpdateNwtSparse; 0ms in UpdateCacheEntry; 8ms in CalculateScore(perp_score); 0ms in CalculateScore(sp_theta_score); 10ms in CalculateScore(^^^ItemsProcessedScore^^^); ]
I0615 00:01:49.383996 28880 master_component.cc:1436] RegularizeModelArgs: rwt_target_name=rwt, pwt_source_name=pwt, nwt_source_name=nwt
I0615 00:01:49.384001 28880 master_component.cc:976] MasterComponent: start regularizing model pwt
I0615 00:01:49.386415 28880 master_component.cc:1002] MasterComponent: complete regularizing model pwt
I0615 00:01:49.386423 28880 master_component.cc:1449] NormalizeModelArgs: pwt_target_name=pwt, nwt_source_name=nwt, rwt_source_name=rwt
I0615 00:01:49.386426 28880 master_component.cc:1006] MasterComponent: start normalizing model nwt
I0615 00:01:49.387758 28880 master_component.cc:1034] MasterComponent: complete normalizing model nwt
I0615 00:01:49.387871 28880 master_component.cc:1473] DisposeModel rwt
I0615 00:01:49.388067 28880 master_component.cc:1059] FitOffline: ItemsProcessed, num_items=1599, num_batches=2, token_weight=80972, token_weight_in_effect=80972
I0615 00:01:49.388221 28880 c_interface.cc:389] Pass FitOfflineMasterModelArgs, batch_filename_size=2, batch_weight_size=2, num_collection_passes=1, reset_nwt=yes to MN4artm4core15MasterComponentEFvRKNS_25FitOfflineMasterModelArgsEE
I0615 00:01:49.388238 28880 master_component.cc:1398] ProcessBatchesArgs: nwt_target_name=nwt, batch_filename_size=2, batch_size=0, batch_weight_size=2, pwt_source_name=pwt, num_document_passes=5, regularizer=(name:lda_theta_reg, tau:0.01), regularizer=(name:lda_phi_reg, tau:0.001), reuse_theta=yes, opt_for_avx=yes, predict_class_id=, reset_nwt=yes
I0615 00:01:49.389704 10373 processor.cc:747] Processing queue has data, processing started
I0615 00:01:49.390496 10375 processor.cc:740] No data in processing queue, waiting...
I0615 00:01:49.390740 10373 processor.cc:820] Processor: start processing batch e6ce01eb-a529-4fcf-b13e-93075b3f15cc into model nwt
I0615 00:01:49.390810 10374 processor.cc:820] Processor: start processing batch e74c72f5-5301-41ee-bfbf-9bea1a09ec86 into model nwt
I0615 00:01:49.412379 10373 processor.cc:925] Processor: complete processing batch e6ce01eb-a529-4fcf-b13e-93075b3f15cc into model nwt
I0615 00:01:49.412705 10373 cuckoo_watch.h:45] 22ms in ProcessBatch(rbc_batches/aaaaab.batch) [including 1ms in LoadMessage; 0ms in InitializeSparseNdw; 0ms in FindReuseThetaCacheEntry; 0ms in InitializeTheta; 0ms in CreateRegularizerAgents; 8ms in InferThetaAndUpdateNwtSparse; 0ms in UpdateCacheEntry; 5ms in CalculateScore(perp_score); 0ms in CalculateScore(sp_theta_score); 6ms in CalculateScore(^^^ItemsProcessedScore^^^); ]
I0615 00:01:49.425866 10374 processor.cc:925] Processor: complete processing batch e74c72f5-5301-41ee-bfbf-9bea1a09ec86 into model nwt
I0615 00:01:49.426291 10374 cuckoo_watch.h:45] 37ms in ProcessBatch(rbc_batches/aaaaaa.batch) [including 1ms in LoadMessage; 0ms in InitializeSparseNdw; 0ms in FindReuseThetaCacheEntry; 1ms in InitializeTheta; 0ms in CreateRegularizerAgents; 12ms in InferThetaAndUpdateNwtSparse; 0ms in UpdateCacheEntry; 8ms in CalculateScore(perp_score); 0ms in CalculateScore(sp_theta_score); 10ms in CalculateScore(^^^ItemsProcessedScore^^^); ]
I0615 00:01:49.426728 28880 master_component.cc:1436] RegularizeModelArgs: rwt_target_name=rwt, pwt_source_name=pwt, nwt_source_name=nwt
I0615 00:01:49.426733 28880 master_component.cc:976] MasterComponent: start regularizing model pwt
I0615 00:01:49.428898 28880 master_component.cc:1002] MasterComponent: complete regularizing model pwt
I0615 00:01:49.428954 28880 master_component.cc:1449] NormalizeModelArgs: pwt_target_name=pwt, nwt_source_name=nwt, rwt_source_name=rwt
I0615 00:01:49.428957 28880 master_component.cc:1006] MasterComponent: start normalizing model nwt
I0615 00:01:49.430225 28880 master_component.cc:1034] MasterComponent: complete normalizing model nwt
I0615 00:01:49.430336 28880 master_component.cc:1473] DisposeModel rwt
I0615 00:01:49.430534 28880 master_component.cc:1059] FitOffline: ItemsProcessed, num_items=1599, num_batches=2, token_weight=80972, token_weight_in_effect=80972
I0615 00:01:49.430714 28880 c_interface.cc:389] Pass FitOfflineMasterModelArgs, batch_filename_size=2, batch_weight_size=2, num_collection_passes=1, reset_nwt=yes to MN4artm4core15MasterComponentEFvRKNS_25FitOfflineMasterModelArgsEE
I0615 00:01:49.430732 28880 master_component.cc:1398] ProcessBatchesArgs: nwt_target_name=nwt, batch_filename_size=2, batch_size=0, batch_weight_size=2, pwt_source_name=pwt, num_document_passes=5, regularizer=(name:lda_theta_reg, tau:0.01), regularizer=(name:lda_phi_reg, tau:0.001), reuse_theta=yes, opt_for_avx=yes, predict_class_id=, reset_nwt=yes
I0615 00:01:49.433018 10373 processor.cc:820] Processor: start processing batch e6ce01eb-a529-4fcf-b13e-93075b3f15cc into model nwt
I0615 00:01:49.433212 10374 processor.cc:820] Processor: start processing batch e74c72f5-5301-41ee-bfbf-9bea1a09ec86 into model nwt
I0615 00:01:49.458495 10373 processor.cc:925] Processor: complete processing batch e6ce01eb-a529-4fcf-b13e-93075b3f15cc into model nwt
I0615 00:01:49.459606 10373 cuckoo_watch.h:45] 27ms in ProcessBatch(rbc_batches/aaaaab.batch) [including 1ms in LoadMessage; 0ms in InitializeSparseNdw; 0ms in FindReuseThetaCacheEntry; 0ms in InitializeTheta; 0ms in CreateRegularizerAgents; 8ms in InferThetaAndUpdateNwtSparse; 0ms in UpdateCacheEntry; 5ms in CalculateScore(perp_score); 0ms in CalculateScore(sp_theta_score); 9ms in CalculateScore(^^^ItemsProcessedScore^^^); ]
I0615 00:01:49.472067 10374 processor.cc:925] Processor: complete processing batch e74c72f5-5301-41ee-bfbf-9bea1a09ec86 into model nwt
I0615 00:01:49.472597 10374 cuckoo_watch.h:45] 40ms in ProcessBatch(rbc_batches/aaaaaa.batch) [including 1ms in LoadMessage; 0ms in InitializeSparseNdw; 0ms in FindReuseThetaCacheEntry; 1ms in InitializeTheta; 0ms in CreateRegularizerAgents; 12ms in InferThetaAndUpdateNwtSparse; 0ms in UpdateCacheEntry; 12ms in CalculateScore(perp_score); 0ms in CalculateScore(sp_theta_score); 10ms in CalculateScore(^^^ItemsProcessedScore^^^); ]
I0615 00:01:49.472601 28880 master_component.cc:1436] RegularizeModelArgs: rwt_target_name=rwt, pwt_source_name=pwt, nwt_source_name=nwt
I0615 00:01:49.472609 28880 master_component.cc:976] MasterComponent: start regularizing model pwt
I0615 00:01:49.474845 28880 master_component.cc:1002] MasterComponent: complete regularizing model pwt
I0615 00:01:49.474853 28880 master_component.cc:1449] NormalizeModelArgs: pwt_target_name=pwt, nwt_source_name=nwt, rwt_source_name=rwt
I0615 00:01:49.474856 28880 master_component.cc:1006] MasterComponent: start normalizing model nwt
I0615 00:01:49.476174 28880 master_component.cc:1034] MasterComponent: complete normalizing model nwt
I0615 00:01:49.476286 28880 master_component.cc:1473] DisposeModel rwt
I0615 00:01:49.476617 28880 master_component.cc:1059] FitOffline: ItemsProcessed, num_items=1599, num_batches=2, token_weight=80972, token_weight_in_effect=80972
I0615 00:01:49.476768 28880 c_interface.cc:389] Pass FitOfflineMasterModelArgs, batch_filename_size=2, batch_weight_size=2, num_collection_passes=1, reset_nwt=yes to MN4artm4core15MasterComponentEFvRKNS_25FitOfflineMasterModelArgsEE
I0615 00:01:49.476785 28880 master_component.cc:1398] ProcessBatchesArgs: nwt_target_name=nwt, batch_filename_size=2, batch_size=0, batch_weight_size=2, pwt_source_name=pwt, num_document_passes=5, regularizer=(name:lda_theta_reg, tau:0.01), regularizer=(name:lda_phi_reg, tau:0.001), reuse_theta=yes, opt_for_avx=yes, predict_class_id=, reset_nwt=yes
I0615 00:01:49.479874 10373 processor.cc:820] Processor: start processing batch e74c72f5-5301-41ee-bfbf-9bea1a09ec86 into model nwt
I0615 00:01:49.480361 10374 processor.cc:820] Processor: start processing batch e6ce01eb-a529-4fcf-b13e-93075b3f15cc into model nwt
I0615 00:01:49.513630 10374 processor.cc:925] Processor: complete processing batch e6ce01eb-a529-4fcf-b13e-93075b3f15cc into model nwt
I0615 00:01:49.514106 10374 cuckoo_watch.h:45] 35ms in ProcessBatch(rbc_batches/aaaaab.batch) [including 1ms in LoadMessage; 0ms in InitializeSparseNdw; 0ms in FindReuseThetaCacheEntry; 1ms in InitializeTheta; 0ms in CreateRegularizerAgents; 12ms in InferThetaAndUpdateNwtSparse; 0ms in UpdateCacheEntry; 8ms in CalculateScore(perp_score); 0ms in CalculateScore(sp_theta_score); 9ms in CalculateScore(^^^ItemsProcessedScore^^^); ]
I0615 00:01:49.526973 10373 processor.cc:925] Processor: complete processing batch e74c72f5-5301-41ee-bfbf-9bea1a09ec86 into model nwt
I0615 00:01:49.527467 10373 cuckoo_watch.h:45] 49ms in ProcessBatch(rbc_batches/aaaaaa.batch) [including 2ms in LoadMessage; 0ms in InitializeSparseNdw; 0ms in FindReuseThetaCacheEntry; 3ms in InitializeTheta; 0ms in CreateRegularizerAgents; 19ms in InferThetaAndUpdateNwtSparse; 0ms in UpdateCacheEntry; 12ms in CalculateScore(perp_score); 0ms in CalculateScore(sp_theta_score); 10ms in CalculateScore(^^^ItemsProcessedScore^^^); ]
I0615 00:01:49.528282 28880 master_component.cc:1436] RegularizeModelArgs: rwt_target_name=rwt, pwt_source_name=pwt, nwt_source_name=nwt
I0615 00:01:49.528290 28880 master_component.cc:976] MasterComponent: start regularizing model pwt
I0615 00:01:49.530403 28880 master_component.cc:1002] MasterComponent: complete regularizing model pwt
I0615 00:01:49.530411 28880 master_component.cc:1449] NormalizeModelArgs: pwt_target_name=pwt, nwt_source_name=nwt, rwt_source_name=rwt
I0615 00:01:49.530414 28880 master_component.cc:1006] MasterComponent: start normalizing model nwt
I0615 00:01:49.531705 28880 master_component.cc:1034] MasterComponent: complete normalizing model nwt
I0615 00:01:49.531834 28880 master_component.cc:1473] DisposeModel rwt
I0615 00:01:49.532049 28880 master_component.cc:1059] FitOffline: ItemsProcessed, num_items=1599, num_batches=2, token_weight=80972, token_weight_in_effect=80972
I0615 00:01:49.532203 28880 c_interface.cc:389] Pass FitOfflineMasterModelArgs, batch_filename_size=2, batch_weight_size=2, num_collection_passes=1, reset_nwt=yes to MN4artm4core15MasterComponentEFvRKNS_25FitOfflineMasterModelArgsEE
I0615 00:01:49.532219 28880 master_component.cc:1398] ProcessBatchesArgs: nwt_target_name=nwt, batch_filename_size=2, batch_size=0, batch_weight_size=2, pwt_source_name=pwt, num_document_passes=5, regularizer=(name:lda_theta_reg, tau:0.01), regularizer=(name:lda_phi_reg, tau:0.001), reuse_theta=yes, opt_for_avx=yes, predict_class_id=, reset_nwt=yes
I0615 00:01:49.533841 10375 processor.cc:747] Processing queue has data, processing started
I0615 00:01:49.535008 10375 processor.cc:820] Processor: start processing batch e6ce01eb-a529-4fcf-b13e-93075b3f15cc into model nwt
I0615 00:01:49.535377 10374 processor.cc:820] Processor: start processing batch e74c72f5-5301-41ee-bfbf-9bea1a09ec86 into model nwt
I0615 00:01:49.547597 10373 processor.cc:740] No data in processing queue, waiting...
I0615 00:01:49.556555 10375 processor.cc:925] Processor: complete processing batch e6ce01eb-a529-4fcf-b13e-93075b3f15cc into model nwt
I0615 00:01:49.556869 10375 cuckoo_watch.h:45] 22ms in ProcessBatch(rbc_batches/aaaaab.batch) [including 1ms in LoadMessage; 0ms in InitializeSparseNdw; 0ms in FindReuseThetaCacheEntry; 0ms in InitializeTheta; 0ms in CreateRegularizerAgents; 8ms in InferThetaAndUpdateNwtSparse; 0ms in UpdateCacheEntry; 5ms in CalculateScore(perp_score); 0ms in CalculateScore(sp_theta_score); 6ms in CalculateScore(^^^ItemsProcessedScore^^^); ]
I0615 00:01:49.570019 10374 processor.cc:925] Processor: complete processing batch e74c72f5-5301-41ee-bfbf-9bea1a09ec86 into model nwt
I0615 00:01:49.570444 10374 cuckoo_watch.h:45] 36ms in ProcessBatch(rbc_batches/aaaaaa.batch) [including 1ms in LoadMessage; 0ms in InitializeSparseNdw; 0ms in FindReuseThetaCacheEntry; 1ms in InitializeTheta; 0ms in CreateRegularizerAgents; 12ms in InferThetaAndUpdateNwtSparse; 0ms in UpdateCacheEntry; 9ms in CalculateScore(perp_score); 0ms in CalculateScore(sp_theta_score); 10ms in CalculateScore(^^^ItemsProcessedScore^^^); ]
I0615 00:01:49.570744 28880 master_component.cc:1436] RegularizeModelArgs: rwt_target_name=rwt, pwt_source_name=pwt, nwt_source_name=nwt
I0615 00:01:49.570750 28880 master_component.cc:976] MasterComponent: start regularizing model pwt
I0615 00:01:49.572943 28880 master_component.cc:1002] MasterComponent: complete regularizing model pwt
I0615 00:01:49.572952 28880 master_component.cc:1449] NormalizeModelArgs: pwt_target_name=pwt, nwt_source_name=nwt, rwt_source_name=rwt
I0615 00:01:49.572954 28880 master_component.cc:1006] MasterComponent: start normalizing model nwt
I0615 00:01:49.574259 28880 master_component.cc:1034] MasterComponent: complete normalizing model nwt
I0615 00:01:49.574368 28880 master_component.cc:1473] DisposeModel rwt
I0615 00:01:49.574566 28880 master_component.cc:1059] FitOffline: ItemsProcessed, num_items=1599, num_batches=2, token_weight=80972, token_weight_in_effect=80972
I0615 00:01:49.574759 28880 c_interface.cc:389] Pass FitOfflineMasterModelArgs, batch_filename_size=2, batch_weight_size=2, num_collection_passes=1, reset_nwt=yes to MN4artm4core15MasterComponentEFvRKNS_25FitOfflineMasterModelArgsEE
I0615 00:01:49.574774 28880 master_component.cc:1398] ProcessBatchesArgs: nwt_target_name=nwt, batch_filename_size=2, batch_size=0, batch_weight_size=2, pwt_source_name=pwt, num_document_passes=5, regularizer=(name:lda_theta_reg, tau:0.01), regularizer=(name:lda_phi_reg, tau:0.001), reuse_theta=yes, opt_for_avx=yes, predict_class_id=, reset_nwt=yes
I0615 00:01:49.576071 10376 processor.cc:747] Processing queue has data, processing started
I0615 00:01:49.577104 10376 processor.cc:820] Processor: start processing batch e6ce01eb-a529-4fcf-b13e-93075b3f15cc into model nwt
I0615 00:01:49.577174 10375 processor.cc:740] No data in processing queue, waiting...
I0615 00:01:49.577497 10374 processor.cc:820] Processor: start processing batch e74c72f5-5301-41ee-bfbf-9bea1a09ec86 into model nwt
I0615 00:01:49.598721 10376 processor.cc:925] Processor: complete processing batch e6ce01eb-a529-4fcf-b13e-93075b3f15cc into model nwt
I0615 00:01:49.599035 10376 cuckoo_watch.h:45] 22ms in ProcessBatch(rbc_batches/aaaaab.batch) [including 1ms in LoadMessage; 0ms in InitializeSparseNdw; 0ms in FindReuseThetaCacheEntry; 0ms in InitializeTheta; 0ms in CreateRegularizerAgents; 8ms in InferThetaAndUpdateNwtSparse; 0ms in UpdateCacheEntry; 5ms in CalculateScore(perp_score); 0ms in CalculateScore(sp_theta_score); 6ms in CalculateScore(^^^ItemsProcessedScore^^^); ]
I0615 00:01:49.612416 10374 processor.cc:925] Processor: complete processing batch e74c72f5-5301-41ee-bfbf-9bea1a09ec86 into model nwt
I0615 00:01:49.612885 10374 cuckoo_watch.h:45] 36ms in ProcessBatch(rbc_batches/aaaaaa.batch) [including 1ms in LoadMessage; 0ms in InitializeSparseNdw; 0ms in FindReuseThetaCacheEntry; 1ms in InitializeTheta; 0ms in CreateRegularizerAgents; 12ms in InferThetaAndUpdateNwtSparse; 0ms in UpdateCacheEntry; 9ms in CalculateScore(perp_score); 0ms in CalculateScore(sp_theta_score); 10ms in CalculateScore(^^^ItemsProcessedScore^^^); ]
I0615 00:01:49.613373 28880 master_component.cc:1436] RegularizeModelArgs: rwt_target_name=rwt, pwt_source_name=pwt, nwt_source_name=nwt
I0615 00:01:49.613380 28880 master_component.cc:976] MasterComponent: start regularizing model pwt
I0615 00:01:49.615558 28880 master_component.cc:1002] MasterComponent: complete regularizing model pwt
I0615 00:01:49.615571 28880 master_component.cc:1449] NormalizeModelArgs: pwt_target_name=pwt, nwt_source_name=nwt, rwt_source_name=rwt
I0615 00:01:49.615573 28880 master_component.cc:1006] MasterComponent: start normalizing model nwt
I0615 00:01:49.617061 28880 master_component.cc:1034] MasterComponent: complete normalizing model nwt
I0615 00:01:49.617195 28880 master_component.cc:1473] DisposeModel rwt
I0615 00:01:49.617441 28880 master_component.cc:1059] FitOffline: ItemsProcessed, num_items=1599, num_batches=2, token_weight=80972, token_weight_in_effect=80972
I0615 00:01:49.617569 28880 c_interface.cc:389] Pass FitOfflineMasterModelArgs, batch_filename_size=2, batch_weight_size=2, num_collection_passes=1, reset_nwt=yes to MN4artm4core15MasterComponentEFvRKNS_25FitOfflineMasterModelArgsEE
