I0615 00:01:49.617591 28880 master_component.cc:1398] ProcessBatchesArgs: nwt_target_name=nwt, batch_filename_size=2, batch_size=0, batch_weight_size=2, pwt_source_name=pwt, num_document_passes=5, regularizer=(name:lda_theta_reg, tau:0.01), regularizer=(name:lda_phi_reg, tau:0.001), reuse_theta=yes, opt_for_avx=yes, predict_class_id=, reset_nwt=yes
I0615 00:01:49.620373 10376 processor.cc:820] Processor: start processing batch e74c72f5-5301-41ee-bfbf-9bea1a09ec86 into model nwt
I0615 00:01:49.620636 10374 processor.cc:820] Processor: start processing batch e6ce01eb-a529-4fcf-b13e-93075b3f15cc into model nwt
I0615 00:01:49.644665 10374 processor.cc:925] Processor: complete processing batch e6ce01eb-a529-4fcf-b13e-93075b3f15cc into model nwt
I0615 00:01:49.645004 10374 cuckoo_watch.h:45] 25ms in ProcessBatch(rbc_batches/aaaaab.batch) [including 1ms in LoadMessage; 0ms in InitializeSparseNdw; 0ms in FindReuseThetaCacheEntry; 0ms in InitializeTheta; 0ms in CreateRegularizerAgents; 9ms in InferThetaAndUpdateNwtSparse; 0ms in UpdateCacheEntry; 5ms in CalculateScore(perp_score); 0ms in CalculateScore(sp_theta_score); 6ms in CalculateScore(^^^ItemsProcessedScore^^^); ]
I0615 00:01:49.658666 10376 processor.cc:925] Processor: complete processing batch e74c72f5-5301-41ee-bfbf-9bea1a09ec86 into model nwt
I0615 00:01:49.659137 10376 cuckoo_watch.h:45] 40ms in ProcessBatch(rbc_batches/aaaaaa.batch) [including 1ms in LoadMessage; 0ms in InitializeSparseNdw; 0ms in FindReuseThetaCacheEntry; 2ms in InitializeTheta; 0ms in CreateRegularizerAgents; 14ms in InferThetaAndUpdateNwtSparse; 0ms in UpdateCacheEntry; 8ms in CalculateScore(perp_score); 0ms in CalculateScore(sp_theta_score); 11ms in CalculateScore(^^^ItemsProcessedScore^^^); ]
I0615 00:01:49.659368 28880 master_component.cc:1436] RegularizeModelArgs: rwt_target_name=rwt, pwt_source_name=pwt, nwt_source_name=nwt
I0615 00:01:49.659373 28880 master_component.cc:976] MasterComponent: start regularizing model pwt
I0615 00:01:49.661808 28880 master_component.cc:1002] MasterComponent: complete regularizing model pwt
I0615 00:01:49.661825 28880 master_component.cc:1449] NormalizeModelArgs: pwt_target_name=pwt, nwt_source_name=nwt, rwt_source_name=rwt
I0615 00:01:49.661828 28880 master_component.cc:1006] MasterComponent: start normalizing model nwt
I0615 00:01:49.663733 28880 master_component.cc:1034] MasterComponent: complete normalizing model nwt
I0615 00:01:49.663908 28880 master_component.cc:1473] DisposeModel rwt
I0615 00:01:49.664235 28880 master_component.cc:1059] FitOffline: ItemsProcessed, num_items=1599, num_batches=2, token_weight=80972, token_weight_in_effect=80972
I0615 00:01:49.664400 28880 c_interface.cc:389] Pass FitOfflineMasterModelArgs, batch_filename_size=2, batch_weight_size=2, num_collection_passes=1, reset_nwt=yes to MN4artm4core15MasterComponentEFvRKNS_25FitOfflineMasterModelArgsEE
I0615 00:01:49.664424 28880 master_component.cc:1398] ProcessBatchesArgs: nwt_target_name=nwt, batch_filename_size=2, batch_size=0, batch_weight_size=2, pwt_source_name=pwt, num_document_passes=5, regularizer=(name:lda_theta_reg, tau:0.01), regularizer=(name:lda_phi_reg, tau:0.001), reuse_theta=yes, opt_for_avx=yes, predict_class_id=, reset_nwt=yes
I0615 00:01:49.667670 10374 processor.cc:820] Processor: start processing batch e6ce01eb-a529-4fcf-b13e-93075b3f15cc into model nwt
I0615 00:01:49.667870 10376 processor.cc:820] Processor: start processing batch e74c72f5-5301-41ee-bfbf-9bea1a09ec86 into model nwt
I0615 00:01:49.700961 10374 processor.cc:925] Processor: complete processing batch e6ce01eb-a529-4fcf-b13e-93075b3f15cc into model nwt
I0615 00:01:49.701468 10374 cuckoo_watch.h:45] 35ms in ProcessBatch(rbc_batches/aaaaab.batch) [including 1ms in LoadMessage; 0ms in InitializeSparseNdw; 0ms in FindReuseThetaCacheEntry; 1ms in InitializeTheta; 0ms in CreateRegularizerAgents; 12ms in InferThetaAndUpdateNwtSparse; 0ms in UpdateCacheEntry; 8ms in CalculateScore(perp_score); 0ms in CalculateScore(sp_theta_score); 9ms in CalculateScore(^^^ItemsProcessedScore^^^); ]
I0615 00:01:49.715406 10376 processor.cc:925] Processor: complete processing batch e74c72f5-5301-41ee-bfbf-9bea1a09ec86 into model nwt
I0615 00:01:49.715857 10376 cuckoo_watch.h:45] 50ms in ProcessBatch(rbc_batches/aaaaaa.batch) [including 2ms in LoadMessage; 0ms in InitializeSparseNdw; 0ms in FindReuseThetaCacheEntry; 3ms in InitializeTheta; 0ms in CreateRegularizerAgents; 19ms in InferThetaAndUpdateNwtSparse; 0ms in UpdateCacheEntry; 12ms in CalculateScore(perp_score); 0ms in CalculateScore(sp_theta_score); 11ms in CalculateScore(^^^ItemsProcessedScore^^^); ]
I0615 00:01:49.715945 28880 master_component.cc:1436] RegularizeModelArgs: rwt_target_name=rwt, pwt_source_name=pwt, nwt_source_name=nwt
I0615 00:01:49.715951 28880 master_component.cc:976] MasterComponent: start regularizing model pwt
I0615 00:01:49.718199 28880 master_component.cc:1002] MasterComponent: complete regularizing model pwt
I0615 00:01:49.718209 28880 master_component.cc:1449] NormalizeModelArgs: pwt_target_name=pwt, nwt_source_name=nwt, rwt_source_name=rwt
I0615 00:01:49.718211 28880 master_component.cc:1006] MasterComponent: start normalizing model nwt
I0615 00:01:49.719602 28880 master_component.cc:1034] MasterComponent: complete normalizing model nwt
I0615 00:01:49.719735 28880 master_component.cc:1473] DisposeModel rwt
I0615 00:01:49.719946 28880 master_component.cc:1059] FitOffline: ItemsProcessed, num_items=1599, num_batches=2, token_weight=80972, token_weight_in_effect=80972
I0615 00:01:49.720069 28880 c_interface.cc:389] Pass FitOfflineMasterModelArgs, batch_filename_size=2, batch_weight_size=2, num_collection_passes=1, reset_nwt=yes to MN4artm4core15MasterComponentEFvRKNS_25FitOfflineMasterModelArgsEE
I0615 00:01:49.720085 28880 master_component.cc:1398] ProcessBatchesArgs: nwt_target_name=nwt, batch_filename_size=2, batch_size=0, batch_weight_size=2, pwt_source_name=pwt, num_document_passes=5, regularizer=(name:lda_theta_reg, tau:0.01), regularizer=(name:lda_phi_reg, tau:0.001), reuse_theta=yes, opt_for_avx=yes, predict_class_id=, reset_nwt=yes
I0615 00:01:49.721314 10375 processor.cc:747] Processing queue has data, processing started
I0615 00:01:49.723062 10374 processor.cc:820] Processor: start processing batch e74c72f5-5301-41ee-bfbf-9bea1a09ec86 into model nwt
I0615 00:01:49.723062 10375 processor.cc:820] Processor: start processing batch e6ce01eb-a529-4fcf-b13e-93075b3f15cc into model nwt
I0615 00:01:49.736330 10376 processor.cc:740] No data in processing queue, waiting...
I0615 00:01:49.755566 10375 processor.cc:925] Processor: complete processing batch e6ce01eb-a529-4fcf-b13e-93075b3f15cc into model nwt
I0615 00:01:49.755991 10375 cuckoo_watch.h:45] 34ms in ProcessBatch(rbc_batches/aaaaab.batch) [including 1ms in LoadMessage; 0ms in InitializeSparseNdw; 0ms in FindReuseThetaCacheEntry; 1ms in InitializeTheta; 0ms in CreateRegularizerAgents; 12ms in InferThetaAndUpdateNwtSparse; 0ms in UpdateCacheEntry; 8ms in CalculateScore(perp_score); 0ms in CalculateScore(sp_theta_score); 9ms in CalculateScore(^^^ItemsProcessedScore^^^); ]
I0615 00:01:49.768661 10374 processor.cc:925] Processor: complete processing batch e74c72f5-5301-41ee-bfbf-9bea1a09ec86 into model nwt
I0615 00:01:49.769101 10374 cuckoo_watch.h:45] 48ms in ProcessBatch(rbc_batches/aaaaaa.batch) [including 2ms in LoadMessage; 0ms in InitializeSparseNdw; 0ms in FindReuseThetaCacheEntry; 2ms in InitializeTheta; 0ms in CreateRegularizerAgents; 19ms in InferThetaAndUpdateNwtSparse; 0ms in UpdateCacheEntry; 11ms in CalculateScore(perp_score); 0ms in CalculateScore(sp_theta_score); 10ms in CalculateScore(^^^ItemsProcessedScore^^^); ]
I0615 00:01:49.769879 28880 master_component.cc:1436] RegularizeModelArgs: rwt_target_name=rwt, pwt_source_name=pwt, nwt_source_name=nwt
I0615 00:01:49.769917 28880 master_component.cc:976] MasterComponent: start regularizing model pwt
I0615 00:01:49.772204 28880 master_component.cc:1002] MasterComponent: complete regularizing model pwt
I0615 00:01:49.772214 28880 master_component.cc:1449] NormalizeModelArgs: pwt_target_name=pwt, nwt_source_name=nwt, rwt_source_name=rwt
I0615 00:01:49.772217 28880 master_component.cc:1006] MasterComponent: start normalizing model nwt
I0615 00:01:49.773553 28880 master_component.cc:1034] MasterComponent: complete normalizing model nwt
I0615 00:01:49.773664 28880 master_component.cc:1473] DisposeModel rwt
I0615 00:01:49.773861 28880 master_component.cc:1059] FitOffline: ItemsProcessed, num_items=1599, num_batches=2, token_weight=80972, token_weight_in_effect=80972
I0615 00:01:49.776155 10375 processor.cc:740] No data in processing queue, waiting...
I0615 00:01:49.790241 10374 processor.cc:740] No data in processing queue, waiting...
I0615 00:01:50.476289 28880 c_interface.cc:231] ArtmCopyRequestedMessage is copying 300 bytes...
I0615 00:01:50.489938 28880 c_interface.cc:231] ArtmCopyRequestedMessage is copying 330 bytes...
I0615 00:01:51.857257 28880 c_interface.cc:231] ArtmCopyRequestedMessage is copying 430 bytes...
I0615 00:01:54.877785 28880 c_interface.cc:389] Pass MasterModelConfig: topic_name_size=15, score_config_size=5, num_processors=0, pwt_name=pwt, nwt_name=nwt, num_document_passes=5, regularizer=(lda_theta_reg:0.01), regularizer=(lda_phi_reg:0.001), reuse_theta=yes, cache_theta=yes, opt_for_avx=yes, disk_cache_path= to MN4artm4core15MasterComponentEFvRKNS_17MasterModelConfigEE
I0615 00:01:54.877983 28880 instance.cc:401] MasterModelConfig.processors_count is automatically set to 4
I0615 00:01:54.878070 28880 perplexity.cc:26] Perplexity score calculator created: model_type=1, dictionary_name=dict
I0615 00:01:54.878211 28880 instance.cc:226] Regularizer 'lda_theta_reg' was cold-reconfigured
I0615 00:01:54.878257 28880 instance.cc:232] Regularizer 'lda_phi_reg' was cold-reconfigured
I0615 00:01:54.879225 28880 c_interface.cc:562] Pass GetScoreValueArgs, score_name=tt_score to MasterComponent::Request
I0615 00:01:54.887624 28880 c_interface.cc:231] ArtmCopyRequestedMessage is copying 4828 bytes...
I0615 00:01:57.246048 28880 phi_matrix_operations.cc:84] RetrieveExternalTopicModel() with 15 topics, 1000 tokens
I0615 00:01:57.250258 28880 c_interface.cc:231] ArtmCopyRequestedMessage is copying 38330 bytes...
I0615 00:01:57.254951 28880 phi_matrix_operations.cc:84] RetrieveExternalTopicModel() with 15 topics, 1000 tokens
I0615 00:01:57.257798 28880 c_interface.cc:231] ArtmCopyRequestedMessage is copying 34330 bytes...
I0615 00:01:57.260887 28880 c_interface.cc:236] ArtmCopyRequestedObject is copying 60000 bytes...
I0615 00:01:57.304940 28880 c_interface.cc:231] ArtmCopyRequestedMessage is copying 19701 bytes...
W0615 00:01:57.320951 28880 check_messages.h:1082] Inconsistent fields size in ThetaMatrix: 1599 vs 0 vs 1599 vs 0;
I0615 00:01:57.321660 28880 c_interface.cc:231] ArtmCopyRequestedMessage is copying 13305 bytes...
I0615 00:01:57.323349 28880 c_interface.cc:236] ArtmCopyRequestedObject is copying 95940 bytes...
I0615 00:07:12.363092 28880 c_interface.cc:231] ArtmCopyRequestedMessage is copying 19806 bytes...
