I0615 00:01:24.596767 10358 cuckoo_watch.h:45] 27ms in ProcessBatch(rbc_batches/aaaaaa.batch) [including 1ms in LoadMessage; 0ms in InitializeSparseNdw; 0ms in FindReuseThetaCacheEntry; 1ms in InitializeTheta; 0ms in CreateRegularizerAgents; 11ms in InferThetaAndUpdateNwtSparse; 0ms in UpdateCacheEntry; 11ms in CalculateScore(^^^ItemsProcessedScore^^^); ]
I0615 00:01:24.597854 28880 master_component.cc:1436] RegularizeModelArgs: rwt_target_name=rwt, pwt_source_name=pwt, nwt_source_name=nwt
I0615 00:01:24.597862 28880 master_component.cc:976] MasterComponent: start regularizing model pwt
I0615 00:01:24.601393 28880 master_component.cc:1002] MasterComponent: complete regularizing model pwt
I0615 00:01:24.601451 28880 master_component.cc:1449] NormalizeModelArgs: pwt_target_name=pwt, nwt_source_name=nwt, rwt_source_name=rwt
I0615 00:01:24.601455 28880 master_component.cc:1006] MasterComponent: start normalizing model nwt
I0615 00:01:24.603580 28880 master_component.cc:1034] MasterComponent: complete normalizing model nwt
I0615 00:01:24.605572 28880 master_component.cc:1473] DisposeModel rwt
I0615 00:01:24.605819 28880 master_component.cc:1059] FitOffline: ItemsProcessed, num_items=1599, num_batches=2, token_weight=80972, token_weight_in_effect=80972
I0615 00:01:24.606000 28880 c_interface.cc:389] Pass FitOfflineMasterModelArgs, batch_filename_size=2, batch_weight_size=2, num_collection_passes=1, reset_nwt=yes to MN4artm4core15MasterComponentEFvRKNS_25FitOfflineMasterModelArgsEE
I0615 00:01:24.606019 28880 master_component.cc:1398] ProcessBatchesArgs: nwt_target_name=nwt, batch_filename_size=2, batch_size=0, batch_weight_size=2, pwt_source_name=pwt, num_document_passes=1, regularizer=(name:1:urn:uuid:2558544c-ec25-11ec-af68-15f07b0a665d, tau:100000), reuse_theta=yes, opt_for_avx=yes, predict_class_id=, reset_nwt=yes
I0615 00:01:24.609540 10359 processor.cc:820] Processor: start processing batch e6ce01eb-a529-4fcf-b13e-93075b3f15cc into model nwt
I0615 00:01:24.609679 10358 processor.cc:820] Processor: start processing batch e74c72f5-5301-41ee-bfbf-9bea1a09ec86 into model nwt
I0615 00:01:24.634984 10359 processor.cc:925] Processor: complete processing batch e6ce01eb-a529-4fcf-b13e-93075b3f15cc into model nwt
I0615 00:01:24.635489 10359 cuckoo_watch.h:45] 27ms in ProcessBatch(rbc_batches/aaaaab.batch) [including 1ms in LoadMessage; 0ms in InitializeSparseNdw; 0ms in FindReuseThetaCacheEntry; 1ms in InitializeTheta; 0ms in CreateRegularizerAgents; 12ms in InferThetaAndUpdateNwtSparse; 0ms in UpdateCacheEntry; 10ms in CalculateScore(^^^ItemsProcessedScore^^^); ]
I0615 00:01:24.643393 10358 processor.cc:925] Processor: complete processing batch e74c72f5-5301-41ee-bfbf-9bea1a09ec86 into model nwt
I0615 00:01:24.643864 10358 cuckoo_watch.h:45] 36ms in ProcessBatch(rbc_batches/aaaaaa.batch) [including 2ms in LoadMessage; 0ms in InitializeSparseNdw; 0ms in FindReuseThetaCacheEntry; 2ms in InitializeTheta; 0ms in CreateRegularizerAgents; 16ms in InferThetaAndUpdateNwtSparse; 0ms in UpdateCacheEntry; 13ms in CalculateScore(^^^ItemsProcessedScore^^^); ]
I0615 00:01:24.644735 28880 master_component.cc:1436] RegularizeModelArgs: rwt_target_name=rwt, pwt_source_name=pwt, nwt_source_name=nwt
I0615 00:01:24.644759 28880 master_component.cc:976] MasterComponent: start regularizing model pwt
I0615 00:01:24.646816 28880 master_component.cc:1002] MasterComponent: complete regularizing model pwt
I0615 00:01:24.646824 28880 master_component.cc:1449] NormalizeModelArgs: pwt_target_name=pwt, nwt_source_name=nwt, rwt_source_name=rwt
I0615 00:01:24.646826 28880 master_component.cc:1006] MasterComponent: start normalizing model nwt
I0615 00:01:24.648593 28880 master_component.cc:1034] MasterComponent: complete normalizing model nwt
I0615 00:01:24.650406 28880 master_component.cc:1473] DisposeModel rwt
I0615 00:01:24.650647 28880 master_component.cc:1059] FitOffline: ItemsProcessed, num_items=1599, num_batches=2, token_weight=80972, token_weight_in_effect=80972
I0615 00:01:24.650820 28880 c_interface.cc:389] Pass FitOfflineMasterModelArgs, batch_filename_size=2, batch_weight_size=2, num_collection_passes=1, reset_nwt=yes to MN4artm4core15MasterComponentEFvRKNS_25FitOfflineMasterModelArgsEE
I0615 00:01:24.650833 28880 master_component.cc:1398] ProcessBatchesArgs: nwt_target_name=nwt, batch_filename_size=2, batch_size=0, batch_weight_size=2, pwt_source_name=pwt, num_document_passes=1, regularizer=(name:1:urn:uuid:2558544c-ec25-11ec-af68-15f07b0a665d, tau:100000), reuse_theta=yes, opt_for_avx=yes, predict_class_id=, reset_nwt=yes
I0615 00:01:24.653717 10358 processor.cc:820] Processor: start processing batch e6ce01eb-a529-4fcf-b13e-93075b3f15cc into model nwt
I0615 00:01:24.654146 10359 processor.cc:820] Processor: start processing batch e74c72f5-5301-41ee-bfbf-9bea1a09ec86 into model nwt
I0615 00:01:24.668464 10358 processor.cc:925] Processor: complete processing batch e6ce01eb-a529-4fcf-b13e-93075b3f15cc into model nwt
I0615 00:01:24.668818 10358 cuckoo_watch.h:45] 16ms in ProcessBatch(rbc_batches/aaaaab.batch) [including 0ms in LoadMessage; 0ms in InitializeSparseNdw; 0ms in FindReuseThetaCacheEntry; 0ms in InitializeTheta; 0ms in CreateRegularizerAgents; 7ms in InferThetaAndUpdateNwtSparse; 0ms in UpdateCacheEntry; 6ms in CalculateScore(^^^ItemsProcessedScore^^^); ]
I0615 00:01:24.677345 10359 processor.cc:925] Processor: complete processing batch e74c72f5-5301-41ee-bfbf-9bea1a09ec86 into model nwt
I0615 00:01:24.677793 10359 cuckoo_watch.h:45] 25ms in ProcessBatch(rbc_batches/aaaaaa.batch) [including 1ms in LoadMessage; 0ms in InitializeSparseNdw; 0ms in FindReuseThetaCacheEntry; 1ms in InitializeTheta; 0ms in CreateRegularizerAgents; 10ms in InferThetaAndUpdateNwtSparse; 0ms in UpdateCacheEntry; 10ms in CalculateScore(^^^ItemsProcessedScore^^^); ]
I0615 00:01:24.678707 28880 master_component.cc:1436] RegularizeModelArgs: rwt_target_name=rwt, pwt_source_name=pwt, nwt_source_name=nwt
I0615 00:01:24.678714 28880 master_component.cc:976] MasterComponent: start regularizing model pwt
I0615 00:01:24.680887 28880 master_component.cc:1002] MasterComponent: complete regularizing model pwt
I0615 00:01:24.680896 28880 master_component.cc:1449] NormalizeModelArgs: pwt_target_name=pwt, nwt_source_name=nwt, rwt_source_name=rwt
I0615 00:01:24.680897 28880 master_component.cc:1006] MasterComponent: start normalizing model nwt
I0615 00:01:24.682610 28880 master_component.cc:1034] MasterComponent: complete normalizing model nwt
I0615 00:01:24.684347 28880 master_component.cc:1473] DisposeModel rwt
I0615 00:01:24.684515 28880 master_component.cc:1059] FitOffline: ItemsProcessed, num_items=1599, num_batches=2, token_weight=80972, token_weight_in_effect=80972
I0615 00:01:24.684665 28880 c_interface.cc:389] Pass FitOfflineMasterModelArgs, batch_filename_size=2, batch_weight_size=2, num_collection_passes=1, reset_nwt=yes to MN4artm4core15MasterComponentEFvRKNS_25FitOfflineMasterModelArgsEE
I0615 00:01:24.684680 28880 master_component.cc:1398] ProcessBatchesArgs: nwt_target_name=nwt, batch_filename_size=2, batch_size=0, batch_weight_size=2, pwt_source_name=pwt, num_document_passes=1, regularizer=(name:1:urn:uuid:2558544c-ec25-11ec-af68-15f07b0a665d, tau:100000), reuse_theta=yes, opt_for_avx=yes, predict_class_id=, reset_nwt=yes
I0615 00:01:24.688416 10358 processor.cc:820] Processor: start processing batch e6ce01eb-a529-4fcf-b13e-93075b3f15cc into model nwt
I0615 00:01:24.689025 10359 processor.cc:820] Processor: start processing batch e74c72f5-5301-41ee-bfbf-9bea1a09ec86 into model nwt
I0615 00:01:24.710742 10358 processor.cc:925] Processor: complete processing batch e6ce01eb-a529-4fcf-b13e-93075b3f15cc into model nwt
I0615 00:01:24.711230 10358 cuckoo_watch.h:45] 24ms in ProcessBatch(rbc_batches/aaaaab.batch) [including 1ms in LoadMessage; 0ms in InitializeSparseNdw; 0ms in FindReuseThetaCacheEntry; 1ms in InitializeTheta; 0ms in CreateRegularizerAgents; 10ms in InferThetaAndUpdateNwtSparse; 0ms in UpdateCacheEntry; 9ms in CalculateScore(^^^ItemsProcessedScore^^^); ]
I0615 00:01:24.719930 10359 processor.cc:925] Processor: complete processing batch e74c72f5-5301-41ee-bfbf-9bea1a09ec86 into model nwt
I0615 00:01:24.720443 10359 cuckoo_watch.h:45] 33ms in ProcessBatch(rbc_batches/aaaaaa.batch) [including 2ms in LoadMessage; 0ms in InitializeSparseNdw; 0ms in FindReuseThetaCacheEntry; 2ms in InitializeTheta; 0ms in CreateRegularizerAgents; 15ms in InferThetaAndUpdateNwtSparse; 0ms in UpdateCacheEntry; 11ms in CalculateScore(^^^ItemsProcessedScore^^^); ]
I0615 00:01:24.721530 28880 master_component.cc:1436] RegularizeModelArgs: rwt_target_name=rwt, pwt_source_name=pwt, nwt_source_name=nwt
I0615 00:01:24.721537 28880 master_component.cc:976] MasterComponent: start regularizing model pwt
I0615 00:01:24.723672 28880 master_component.cc:1002] MasterComponent: complete regularizing model pwt
I0615 00:01:24.723680 28880 master_component.cc:1449] NormalizeModelArgs: pwt_target_name=pwt, nwt_source_name=nwt, rwt_source_name=rwt
I0615 00:01:24.723682 28880 master_component.cc:1006] MasterComponent: start normalizing model nwt
I0615 00:01:24.725428 28880 master_component.cc:1034] MasterComponent: complete normalizing model nwt
I0615 00:01:24.727145 28880 master_component.cc:1473] DisposeModel rwt
I0615 00:01:24.727320 28880 master_component.cc:1059] FitOffline: ItemsProcessed, num_items=1599, num_batches=2, token_weight=80972, token_weight_in_effect=80972
I0615 00:01:24.727489 28880 c_interface.cc:389] Pass FitOfflineMasterModelArgs, batch_filename_size=2, batch_weight_size=2, num_collection_passes=1, reset_nwt=yes to MN4artm4core15MasterComponentEFvRKNS_25FitOfflineMasterModelArgsEE
I0615 00:01:24.727504 28880 master_component.cc:1398] ProcessBatchesArgs: nwt_target_name=nwt, batch_filename_size=2, batch_size=0, batch_weight_size=2, pwt_source_name=pwt, num_document_passes=1, regularizer=(name:1:urn:uuid:2558544c-ec25-11ec-af68-15f07b0a665d, tau:100000), reuse_theta=yes, opt_for_avx=yes, predict_class_id=, reset_nwt=yes
I0615 00:01:24.729861 10358 processor.cc:820] Processor: start processing batch e74c72f5-5301-41ee-bfbf-9bea1a09ec86 into model nwt
I0615 00:01:24.730079 10359 processor.cc:820] Processor: start processing batch e6ce01eb-a529-4fcf-b13e-93075b3f15cc into model nwt
I0615 00:01:24.744669 10359 processor.cc:925] Processor: complete processing batch e6ce01eb-a529-4fcf-b13e-93075b3f15cc into model nwt
I0615 00:01:24.745043 10359 cuckoo_watch.h:45] 15ms in ProcessBatch(rbc_batches/aaaaab.batch) [including 0ms in LoadMessage; 0ms in InitializeSparseNdw; 0ms in FindReuseThetaCacheEntry; 0ms in InitializeTheta; 0ms in CreateRegularizerAgents; 7ms in InferThetaAndUpdateNwtSparse; 0ms in UpdateCacheEntry; 6ms in CalculateScore(^^^ItemsProcessedScore^^^); ]
I0615 00:01:24.753139 10358 processor.cc:925] Processor: complete processing batch e74c72f5-5301-41ee-bfbf-9bea1a09ec86 into model nwt
I0615 00:01:24.753566 10358 cuckoo_watch.h:45] 25ms in ProcessBatch(rbc_batches/aaaaaa.batch) [including 1ms in LoadMessage; 0ms in InitializeSparseNdw; 0ms in FindReuseThetaCacheEntry; 1ms in InitializeTheta; 0ms in CreateRegularizerAgents; 10ms in InferThetaAndUpdateNwtSparse; 0ms in UpdateCacheEntry; 10ms in CalculateScore(^^^ItemsProcessedScore^^^); ]
I0615 00:01:24.754251 28880 master_component.cc:1436] RegularizeModelArgs: rwt_target_name=rwt, pwt_source_name=pwt, nwt_source_name=nwt
I0615 00:01:24.754257 28880 master_component.cc:976] MasterComponent: start regularizing model pwt
I0615 00:01:24.756458 28880 master_component.cc:1002] MasterComponent: complete regularizing model pwt
I0615 00:01:24.756464 28880 master_component.cc:1449] NormalizeModelArgs: pwt_target_name=pwt, nwt_source_name=nwt, rwt_source_name=rwt
I0615 00:01:24.756467 28880 master_component.cc:1006] MasterComponent: start normalizing model nwt
I0615 00:01:24.758213 28880 master_component.cc:1034] MasterComponent: complete normalizing model nwt
I0615 00:01:24.760016 28880 master_component.cc:1473] DisposeModel rwt
I0615 00:01:24.760174 28880 master_component.cc:1059] FitOffline: ItemsProcessed, num_items=1599, num_batches=2, token_weight=80972, token_weight_in_effect=80972
I0615 00:01:24.760325 28880 c_interface.cc:389] Pass FitOfflineMasterModelArgs, batch_filename_size=2, batch_weight_size=2, num_collection_passes=1, reset_nwt=yes to MN4artm4core15MasterComponentEFvRKNS_25FitOfflineMasterModelArgsEE
I0615 00:01:24.760339 28880 master_component.cc:1398] ProcessBatchesArgs: nwt_target_name=nwt, batch_filename_size=2, batch_size=0, batch_weight_size=2, pwt_source_name=pwt, num_document_passes=1, regularizer=(name:1:urn:uuid:2558544c-ec25-11ec-af68-15f07b0a665d, tau:100000), reuse_theta=yes, opt_for_avx=yes, predict_class_id=, reset_nwt=yes
I0615 00:01:24.763105 10358 processor.cc:820] Processor: start processing batch e6ce01eb-a529-4fcf-b13e-93075b3f15cc into model nwt
I0615 00:01:24.763171 10359 processor.cc:820] Processor: start processing batch e74c72f5-5301-41ee-bfbf-9bea1a09ec86 into model nwt
I0615 00:01:24.778067 10358 processor.cc:925] Processor: complete processing batch e6ce01eb-a529-4fcf-b13e-93075b3f15cc into model nwt
I0615 00:01:24.778410 10358 cuckoo_watch.h:45] 16ms in ProcessBatch(rbc_batches/aaaaab.batch) [including 1ms in LoadMessage; 0ms in InitializeSparseNdw; 0ms in FindReuseThetaCacheEntry; 0ms in InitializeTheta; 0ms in CreateRegularizerAgents; 7ms in InferThetaAndUpdateNwtSparse; 0ms in UpdateCacheEntry; 6ms in CalculateScore(^^^ItemsProcessedScore^^^); ]
I0615 00:01:24.786703 10359 processor.cc:925] Processor: complete processing batch e74c72f5-5301-41ee-bfbf-9bea1a09ec86 into model nwt
I0615 00:01:24.787170 10359 cuckoo_watch.h:45] 25ms in ProcessBatch(rbc_batches/aaaaaa.batch) [including 1ms in LoadMessage; 0ms in InitializeSparseNdw; 0ms in FindReuseThetaCacheEntry; 1ms in InitializeTheta; 0ms in CreateRegularizerAgents; 10ms in InferThetaAndUpdateNwtSparse; 0ms in UpdateCacheEntry; 10ms in CalculateScore(^^^ItemsProcessedScore^^^); ]
I0615 00:01:24.787281 28880 master_component.cc:1436] RegularizeModelArgs: rwt_target_name=rwt, pwt_source_name=pwt, nwt_source_name=nwt
I0615 00:01:24.787287 28880 master_component.cc:976] MasterComponent: start regularizing model pwt
I0615 00:01:24.789427 28880 master_component.cc:1002] MasterComponent: complete regularizing model pwt
I0615 00:01:24.789451 28880 master_component.cc:1449] NormalizeModelArgs: pwt_target_name=pwt, nwt_source_name=nwt, rwt_source_name=rwt
I0615 00:01:24.789453 28880 master_component.cc:1006] MasterComponent: start normalizing model nwt
I0615 00:01:24.791239 28880 master_component.cc:1034] MasterComponent: complete normalizing model nwt
I0615 00:01:24.793056 28880 master_component.cc:1473] DisposeModel rwt
I0615 00:01:24.793231 28880 master_component.cc:1059] FitOffline: ItemsProcessed, num_items=1599, num_batches=2, token_weight=80972, token_weight_in_effect=80972
I0615 00:01:24.793371 28880 c_interface.cc:389] Pass FitOfflineMasterModelArgs, batch_filename_size=2, batch_weight_size=2, num_collection_passes=1, reset_nwt=yes to MN4artm4core15MasterComponentEFvRKNS_25FitOfflineMasterModelArgsEE
I0615 00:01:24.793386 28880 master_component.cc:1398] ProcessBatchesArgs: nwt_target_name=nwt, batch_filename_size=2, batch_size=0, batch_weight_size=2, pwt_source_name=pwt, num_document_passes=1, regularizer=(name:1:urn:uuid:2558544c-ec25-11ec-af68-15f07b0a665d, tau:100000), reuse_theta=yes, opt_for_avx=yes, predict_class_id=, reset_nwt=yes
I0615 00:01:24.795873 10359 processor.cc:820] Processor: start processing batch e6ce01eb-a529-4fcf-b13e-93075b3f15cc into model nwt
I0615 00:01:24.796190 10358 processor.cc:820] Processor: start processing batch e74c72f5-5301-41ee-bfbf-9bea1a09ec86 into model nwt
I0615 00:01:24.810618 10359 processor.cc:925] Processor: complete processing batch e6ce01eb-a529-4fcf-b13e-93075b3f15cc into model nwt
I0615 00:01:24.810962 10359 cuckoo_watch.h:45] 16ms in ProcessBatch(rbc_batches/aaaaab.batch) [including 0ms in LoadMessage; 0ms in InitializeSparseNdw; 0ms in FindReuseThetaCacheEntry; 0ms in InitializeTheta; 0ms in CreateRegularizerAgents; 7ms in InferThetaAndUpdateNwtSparse; 0ms in UpdateCacheEntry; 6ms in CalculateScore(^^^ItemsProcessedScore^^^); ]
I0615 00:01:24.819375 10358 processor.cc:925] Processor: complete processing batch e74c72f5-5301-41ee-bfbf-9bea1a09ec86 into model nwt
I0615 00:01:24.819912 10358 cuckoo_watch.h:45] 25ms in ProcessBatch(rbc_batches/aaaaaa.batch) [including 1ms in LoadMessage; 0ms in InitializeSparseNdw; 0ms in FindReuseThetaCacheEntry; 1ms in InitializeTheta; 0ms in CreateRegularizerAgents; 10ms in InferThetaAndUpdateNwtSparse; 0ms in UpdateCacheEntry; 10ms in CalculateScore(^^^ItemsProcessedScore^^^); ]
I0615 00:01:24.820067 28880 master_component.cc:1436] RegularizeModelArgs: rwt_target_name=rwt, pwt_source_name=pwt, nwt_source_name=nwt
I0615 00:01:24.820072 28880 master_component.cc:976] MasterComponent: start regularizing model pwt
I0615 00:01:24.822194 28880 master_component.cc:1002] MasterComponent: complete regularizing model pwt
I0615 00:01:24.822201 28880 master_component.cc:1449] NormalizeModelArgs: pwt_target_name=pwt, nwt_source_name=nwt, rwt_source_name=rwt
I0615 00:01:24.822203 28880 master_component.cc:1006] MasterComponent: start normalizing model nwt
I0615 00:01:24.823922 28880 master_component.cc:1034] MasterComponent: complete normalizing model nwt
I0615 00:01:24.825649 28880 master_component.cc:1473] DisposeModel rwt
I0615 00:01:24.825807 28880 master_component.cc:1059] FitOffline: ItemsProcessed, num_items=1599, num_batches=2, token_weight=80972, token_weight_in_effect=80972
I0615 00:01:24.825954 28880 c_interface.cc:389] Pass FitOfflineMasterModelArgs, batch_filename_size=2, batch_weight_size=2, num_collection_passes=1, reset_nwt=yes to MN4artm4core15MasterComponentEFvRKNS_25FitOfflineMasterModelArgsEE
I0615 00:01:24.825968 28880 master_component.cc:1398] ProcessBatchesArgs: nwt_target_name=nwt, batch_filename_size=2, batch_size=0, batch_weight_size=2, pwt_source_name=pwt, num_document_passes=1, regularizer=(name:1:urn:uuid:2558544c-ec25-11ec-af68-15f07b0a665d, tau:100000), reuse_theta=yes, opt_for_avx=yes, predict_class_id=, reset_nwt=yes
I0615 00:01:24.828279 10358 processor.cc:820] Processor: start processing batch e6ce01eb-a529-4fcf-b13e-93075b3f15cc into model nwt
I0615 00:01:24.828616 10359 processor.cc:820] Processor: start processing batch e74c72f5-5301-41ee-bfbf-9bea1a09ec86 into model nwt
I0615 00:01:24.843034 10358 processor.cc:925] Processor: complete processing batch e6ce01eb-a529-4fcf-b13e-93075b3f15cc into model nwt
I0615 00:01:24.843384 10358 cuckoo_watch.h:45] 16ms in ProcessBatch(rbc_batches/aaaaab.batch) [including 0ms in LoadMessage; 0ms in InitializeSparseNdw; 0ms in FindReuseThetaCacheEntry; 0ms in InitializeTheta; 0ms in CreateRegularizerAgents; 7ms in InferThetaAndUpdateNwtSparse; 0ms in UpdateCacheEntry; 6ms in CalculateScore(^^^ItemsProcessedScore^^^); ]
I0615 00:01:24.852003 10359 processor.cc:925] Processor: complete processing batch e74c72f5-5301-41ee-bfbf-9bea1a09ec86 into model nwt
I0615 00:01:24.852474 10359 cuckoo_watch.h:45] 25ms in ProcessBatch(rbc_batches/aaaaaa.batch) [including 1ms in LoadMessage; 0ms in InitializeSparseNdw; 0ms in FindReuseThetaCacheEntry; 1ms in InitializeTheta; 0ms in CreateRegularizerAgents; 10ms in InferThetaAndUpdateNwtSparse; 0ms in UpdateCacheEntry; 10ms in CalculateScore(^^^ItemsProcessedScore^^^); ]
I0615 00:01:24.852612 28880 master_component.cc:1436] RegularizeModelArgs: rwt_target_name=rwt, pwt_source_name=pwt, nwt_source_name=nwt
I0615 00:01:24.852617 28880 master_component.cc:976] MasterComponent: start regularizing model pwt
I0615 00:01:24.854827 28880 master_component.cc:1002] MasterComponent: complete regularizing model pwt
I0615 00:01:24.854835 28880 master_component.cc:1449] NormalizeModelArgs: pwt_target_name=pwt, nwt_source_name=nwt, rwt_source_name=rwt
I0615 00:01:24.854837 28880 master_component.cc:1006] MasterComponent: start normalizing model nwt
I0615 00:01:24.856642 28880 master_component.cc:1034] MasterComponent: complete normalizing model nwt
I0615 00:01:24.858367 28880 master_component.cc:1473] DisposeModel rwt
I0615 00:01:24.858556 28880 master_component.cc:1059] FitOffline: ItemsProcessed, num_items=1599, num_batches=2, token_weight=80972, token_weight_in_effect=80972
I0615 00:01:24.858713 28880 c_interface.cc:389] Pass FitOfflineMasterModelArgs, batch_filename_size=2, batch_weight_size=2, num_collection_passes=1, reset_nwt=yes to MN4artm4core15MasterComponentEFvRKNS_25FitOfflineMasterModelArgsEE
I0615 00:01:24.858745 28880 master_component.cc:1398] ProcessBatchesArgs: nwt_target_name=nwt, batch_filename_size=2, batch_size=0, batch_weight_size=2, pwt_source_name=pwt, num_document_passes=1, regularizer=(name:1:urn:uuid:2558544c-ec25-11ec-af68-15f07b0a665d, tau:100000), reuse_theta=yes, opt_for_avx=yes, predict_class_id=, reset_nwt=yes
I0615 00:01:24.861274 10358 processor.cc:820] Processor: start processing batch e74c72f5-5301-41ee-bfbf-9bea1a09ec86 into model nwt
I0615 00:01:24.861963 10359 processor.cc:820] Processor: start processing batch e6ce01eb-a529-4fcf-b13e-93075b3f15cc into model nwt
I0615 00:01:24.876762 10359 processor.cc:925] Processor: complete processing batch e6ce01eb-a529-4fcf-b13e-93075b3f15cc into model nwt
I0615 00:01:24.877117 10359 cuckoo_watch.h:45] 16ms in ProcessBatch(rbc_batches/aaaaab.batch) [including 1ms in LoadMessage; 0ms in InitializeSparseNdw; 0ms in FindReuseThetaCacheEntry; 0ms in InitializeTheta; 0ms in CreateRegularizerAgents; 7ms in InferThetaAndUpdateNwtSparse; 0ms in UpdateCacheEntry; 6ms in CalculateScore(^^^ItemsProcessedScore^^^); ]
I0615 00:01:24.884981 10358 processor.cc:925] Processor: complete processing batch e74c72f5-5301-41ee-bfbf-9bea1a09ec86 into model nwt
I0615 00:01:24.885465 10358 cuckoo_watch.h:45] 25ms in ProcessBatch(rbc_batches/aaaaaa.batch) [including 1ms in LoadMessage; 0ms in InitializeSparseNdw; 0ms in FindReuseThetaCacheEntry; 1ms in InitializeTheta; 0ms in CreateRegularizerAgents; 10ms in InferThetaAndUpdateNwtSparse; 0ms in UpdateCacheEntry; 10ms in CalculateScore(^^^ItemsProcessedScore^^^); ]
I0615 00:01:24.885982 28880 master_component.cc:1436] RegularizeModelArgs: rwt_target_name=rwt, pwt_source_name=pwt, nwt_source_name=nwt
I0615 00:01:24.885988 28880 master_component.cc:976] MasterComponent: start regularizing model pwt
I0615 00:01:24.888212 28880 master_component.cc:1002] MasterComponent: complete regularizing model pwt
I0615 00:01:24.888221 28880 master_component.cc:1449] NormalizeModelArgs: pwt_target_name=pwt, nwt_source_name=nwt, rwt_source_name=rwt
I0615 00:01:24.888222 28880 master_component.cc:1006] MasterComponent: start normalizing model nwt
I0615 00:01:24.889978 28880 master_component.cc:1034] MasterComponent: complete normalizing model nwt
I0615 00:01:24.891695 28880 master_component.cc:1473] DisposeModel rwt
I0615 00:01:24.891878 28880 master_component.cc:1059] FitOffline: ItemsProcessed, num_items=1599, num_batches=2, token_weight=80972, token_weight_in_effect=80972
I0615 00:01:24.892040 28880 c_interface.cc:389] Pass FitOfflineMasterModelArgs, batch_filename_size=2, batch_weight_size=2, num_collection_passes=1, reset_nwt=yes to MN4artm4core15MasterComponentEFvRKNS_25FitOfflineMasterModelArgsEE
I0615 00:01:24.892053 28880 master_component.cc:1398] ProcessBatchesArgs: nwt_target_name=nwt, batch_filename_size=2, batch_size=0, batch_weight_size=2, pwt_source_name=pwt, num_document_passes=1, regularizer=(name:1:urn:uuid:2558544c-ec25-11ec-af68-15f07b0a665d, tau:100000), reuse_theta=yes, opt_for_avx=yes, predict_class_id=, reset_nwt=yes
I0615 00:01:24.894361 10359 processor.cc:820] Processor: start processing batch e6ce01eb-a529-4fcf-b13e-93075b3f15cc into model nwt
I0615 00:01:24.894369 10358 processor.cc:820] Processor: start processing batch e74c72f5-5301-41ee-bfbf-9bea1a09ec86 into model nwt
I0615 00:01:24.908980 10359 processor.cc:925] Processor: complete processing batch e6ce01eb-a529-4fcf-b13e-93075b3f15cc into model nwt
I0615 00:01:24.909312 10359 cuckoo_watch.h:45] 15ms in ProcessBatch(rbc_batches/aaaaab.batch) [including 1ms in LoadMessage; 0ms in InitializeSparseNdw; 0ms in FindReuseThetaCacheEntry; 0ms in InitializeTheta; 0ms in CreateRegularizerAgents; 7ms in InferThetaAndUpdateNwtSparse; 0ms in UpdateCacheEntry; 6ms in CalculateScore(^^^ItemsProcessedScore^^^); ]
I0615 00:01:24.918083 10358 processor.cc:925] Processor: complete processing batch e74c72f5-5301-41ee-bfbf-9bea1a09ec86 into model nwt
I0615 00:01:24.918659 10358 cuckoo_watch.h:45] 25ms in ProcessBatch(rbc_batches/aaaaaa.batch) [including 1ms in LoadMessage; 0ms in InitializeSparseNdw; 0ms in FindReuseThetaCacheEntry; 1ms in InitializeTheta; 0ms in CreateRegularizerAgents; 10ms in InferThetaAndUpdateNwtSparse; 0ms in UpdateCacheEntry; 11ms in CalculateScore(^^^ItemsProcessedScore^^^); ]
I0615 00:01:24.918882 28880 master_component.cc:1436] RegularizeModelArgs: rwt_target_name=rwt, pwt_source_name=pwt, nwt_source_name=nwt
I0615 00:01:24.918888 28880 master_component.cc:976] MasterComponent: start regularizing model pwt
I0615 00:01:24.921026 28880 master_component.cc:1002] MasterComponent: complete regularizing model pwt
I0615 00:01:24.921033 28880 master_component.cc:1449] NormalizeModelArgs: pwt_target_name=pwt, nwt_source_name=nwt, rwt_source_name=rwt
I0615 00:01:24.921036 28880 master_component.cc:1006] MasterComponent: start normalizing model nwt
I0615 00:01:24.922808 28880 master_component.cc:1034] MasterComponent: complete normalizing model nwt
I0615 00:01:24.924593 28880 master_component.cc:1473] DisposeModel rwt
I0615 00:01:24.924772 28880 master_component.cc:1059] FitOffline: ItemsProcessed, num_items=1599, num_batches=2, token_weight=80972, token_weight_in_effect=80972
I0615 00:01:24.924940 28880 c_interface.cc:389] Pass FitOfflineMasterModelArgs, batch_filename_size=2, batch_weight_size=2, num_collection_passes=1, reset_nwt=yes to MN4artm4core15MasterComponentEFvRKNS_25FitOfflineMasterModelArgsEE
I0615 00:01:24.924954 28880 master_component.cc:1398] ProcessBatchesArgs: nwt_target_name=nwt, batch_filename_size=2, batch_size=0, batch_weight_size=2, pwt_source_name=pwt, num_document_passes=1, regularizer=(name:1:urn:uuid:2558544c-ec25-11ec-af68-15f07b0a665d, tau:100000), reuse_theta=yes, opt_for_avx=yes, predict_class_id=, reset_nwt=yes
I0615 00:01:24.928069 10359 processor.cc:820] Processor: start processing batch e6ce01eb-a529-4fcf-b13e-93075b3f15cc into model nwt
I0615 00:01:24.928820 10358 processor.cc:820] Processor: start processing batch e74c72f5-5301-41ee-bfbf-9bea1a09ec86 into model nwt
I0615 00:01:24.951776 10359 processor.cc:925] Processor: complete processing batch e6ce01eb-a529-4fcf-b13e-93075b3f15cc into model nwt
I0615 00:01:24.952361 10359 cuckoo_watch.h:45] 26ms in ProcessBatch(rbc_batches/aaaaab.batch) [including 1ms in LoadMessage; 0ms in InitializeSparseNdw; 0ms in FindReuseThetaCacheEntry; 1ms in InitializeTheta; 0ms in CreateRegularizerAgents; 11ms in InferThetaAndUpdateNwtSparse; 0ms in UpdateCacheEntry; 10ms in CalculateScore(^^^ItemsProcessedScore^^^); ]
I0615 00:01:24.961691 10358 processor.cc:925] Processor: complete processing batch e74c72f5-5301-41ee-bfbf-9bea1a09ec86 into model nwt
I0615 00:01:24.962185 28880 master_component.cc:1436] RegularizeModelArgs: rwt_target_name=rwt, pwt_source_name=pwt, nwt_source_name=nwt
I0615 00:01:24.962195 28880 master_component.cc:976] MasterComponent: start regularizing model pwt
I0615 00:01:24.962214 10358 cuckoo_watch.h:45] 35ms in ProcessBatch(rbc_batches/aaaaaa.batch) [including 2ms in LoadMessage; 0ms in InitializeSparseNdw; 0ms in FindReuseThetaCacheEntry; 3ms in InitializeTheta; 0ms in CreateRegularizerAgents; 16ms in InferThetaAndUpdateNwtSparse; 0ms in UpdateCacheEntry; 12ms in CalculateScore(^^^ItemsProcessedScore^^^); ]
I0615 00:01:24.964469 28880 master_component.cc:1002] MasterComponent: complete regularizing model pwt
I0615 00:01:24.964478 28880 master_component.cc:1449] NormalizeModelArgs: pwt_target_name=pwt, nwt_source_name=nwt, rwt_source_name=rwt
I0615 00:01:24.964481 28880 master_component.cc:1006] MasterComponent: start normalizing model nwt
I0615 00:01:24.966282 28880 master_component.cc:1034] MasterComponent: complete normalizing model nwt
I0615 00:01:24.968147 28880 master_component.cc:1473] DisposeModel rwt
I0615 00:01:24.968312 28880 master_component.cc:1059] FitOffline: ItemsProcessed, num_items=1599, num_batches=2, token_weight=80972, token_weight_in_effect=80972
I0615 00:01:24.972834 10359 processor.cc:740] No data in processing queue, waiting...
I0615 00:01:24.983439 10358 processor.cc:740] No data in processing queue, waiting...
I0615 00:01:26.104162 28880 c_interface.cc:389] Pass MasterModelConfig: topic_name_size=26, score_config_size=2, num_processors=2, pwt_name=pwt, nwt_name=nwt, num_document_passes=1, regularizer=(1:urn:uuid:2558544c-ec25-11ec-af68-15f07b0a665d:100000), regularizer=(1:urn:uuid:276ce770-ec25-11ec-af68-15f07b0a665d:-100000), reuse_theta=yes, cache_theta=yes, opt_for_avx=yes, disk_cache_path= to MN4artm4core15MasterComponentEFvRKNS_17MasterModelConfigEE
I0615 00:01:26.104256 28880 instance.cc:232] Regularizer '1:urn:uuid:2558544c-ec25-11ec-af68-15f07b0a665d' was cold-reconfigured
I0615 00:01:26.104275 28880 instance.cc:232] Regularizer '1:urn:uuid:276ce770-ec25-11ec-af68-15f07b0a665d' was cold-reconfigured
I0615 00:01:30.487217 28880 c_interface.cc:389] Pass FitOfflineMasterModelArgs, batch_filename_size=2, batch_weight_size=2, num_collection_passes=1, reset_nwt=yes to MN4artm4core15MasterComponentEFvRKNS_25FitOfflineMasterModelArgsEE
I0615 00:01:30.487334 28880 master_component.cc:1398] ProcessBatchesArgs: nwt_target_name=nwt, batch_filename_size=2, batch_size=0, batch_weight_size=2, pwt_source_name=pwt, num_document_passes=1, regularizer=(name:1:urn:uuid:2558544c-ec25-11ec-af68-15f07b0a665d, tau:100000), regularizer=(name:1:urn:uuid:276ce770-ec25-11ec-af68-15f07b0a665d, tau:-100000), reuse_theta=yes, opt_for_avx=yes, predict_class_id=, reset_nwt=yes
I0615 00:01:30.494136 10359 processor.cc:747] Processing queue has data, processing started
I0615 00:01:30.498632 10358 processor.cc:747] Processing queue has data, processing started
I0615 00:01:30.507462 10358 processor.cc:820] Processor: start processing batch e6ce01eb-a529-4fcf-b13e-93075b3f15cc into model nwt
I0615 00:01:30.508049 10359 processor.cc:820] Processor: start processing batch e74c72f5-5301-41ee-bfbf-9bea1a09ec86 into model nwt
I0615 00:01:30.562850 10358 processor.cc:925] Processor: complete processing batch e6ce01eb-a529-4fcf-b13e-93075b3f15cc into model nwt
I0615 00:01:30.563274 10358 cuckoo_watch.h:45] 64ms in ProcessBatch(rbc_batches/aaaaab.batch) [including 8ms in LoadMessage; 1ms in InitializeSparseNdw; 0ms in FindReuseThetaCacheEntry; 7ms in InitializeTheta; 0ms in CreateRegularizerAgents; 31ms in InferThetaAndUpdateNwtSparse; 0ms in UpdateCacheEntry; 14ms in CalculateScore(^^^ItemsProcessedScore^^^); ]
I0615 00:01:30.578984 10359 processor.cc:925] Processor: complete processing batch e74c72f5-5301-41ee-bfbf-9bea1a09ec86 into model nwt
I0615 00:01:30.579499 10359 cuckoo_watch.h:45] 85ms in ProcessBatch(rbc_batches/aaaaaa.batch) [including 13ms in LoadMessage; 1ms in InitializeSparseNdw; 0ms in FindReuseThetaCacheEntry; 16ms in InitializeTheta; 0ms in CreateRegularizerAgents; 40ms in InferThetaAndUpdateNwtSparse; 0ms in UpdateCacheEntry; 12ms in CalculateScore(^^^ItemsProcessedScore^^^); ]
I0615 00:01:30.579948 28880 master_component.cc:1436] RegularizeModelArgs: rwt_target_name=rwt, pwt_source_name=pwt, nwt_source_name=nwt
I0615 00:01:30.579954 28880 master_component.cc:976] MasterComponent: start regularizing model pwt
I0615 00:01:30.583046 28880 master_component.cc:1002] MasterComponent: complete regularizing model pwt
I0615 00:01:30.583076 28880 master_component.cc:1449] NormalizeModelArgs: pwt_target_name=pwt, nwt_source_name=nwt, rwt_source_name=rwt
I0615 00:01:30.583081 28880 master_component.cc:1006] MasterComponent: start normalizing model nwt
I0615 00:01:30.583420 10358 processor.cc:740] No data in processing queue, waiting...
I0615 00:01:30.585924 28880 master_component.cc:1034] MasterComponent: complete normalizing model nwt
I0615 00:01:30.588157 28880 master_component.cc:1473] DisposeModel rwt
I0615 00:01:30.588459 28880 master_component.cc:1059] FitOffline: ItemsProcessed, num_items=1599, num_batches=2, token_weight=80972, token_weight_in_effect=80972
I0615 00:01:30.588639 28880 c_interface.cc:389] Pass FitOfflineMasterModelArgs, batch_filename_size=2, batch_weight_size=2, num_collection_passes=1, reset_nwt=yes to MN4artm4core15MasterComponentEFvRKNS_25FitOfflineMasterModelArgsEE
I0615 00:01:30.588663 28880 master_component.cc:1398] ProcessBatchesArgs: nwt_target_name=nwt, batch_filename_size=2, batch_size=0, batch_weight_size=2, pwt_source_name=pwt, num_document_passes=1, regularizer=(name:1:urn:uuid:2558544c-ec25-11ec-af68-15f07b0a665d, tau:100000), regularizer=(name:1:urn:uuid:276ce770-ec25-11ec-af68-15f07b0a665d, tau:-100000), reuse_theta=yes, opt_for_avx=yes, predict_class_id=, reset_nwt=yes
I0615 00:01:30.590615 10358 processor.cc:747] Processing queue has data, processing started
I0615 00:01:30.591814 10359 processor.cc:820] Processor: start processing batch e6ce01eb-a529-4fcf-b13e-93075b3f15cc into model nwt
I0615 00:01:30.592720 10358 processor.cc:820] Processor: start processing batch e74c72f5-5301-41ee-bfbf-9bea1a09ec86 into model nwt
I0615 00:01:30.608870 10359 processor.cc:925] Processor: complete processing batch e6ce01eb-a529-4fcf-b13e-93075b3f15cc into model nwt
I0615 00:01:30.609216 10359 cuckoo_watch.h:45] 18ms in ProcessBatch(rbc_batches/aaaaab.batch) [including 1ms in LoadMessage; 0ms in InitializeSparseNdw; 0ms in FindReuseThetaCacheEntry; 0ms in InitializeTheta; 0ms in CreateRegularizerAgents; 7ms in InferThetaAndUpdateNwtSparse; 0ms in UpdateCacheEntry; 8ms in CalculateScore(^^^ItemsProcessedScore^^^); ]
I0615 00:01:30.627564 10358 processor.cc:925] Processor: complete processing batch e74c72f5-5301-41ee-bfbf-9bea1a09ec86 into model nwt
I0615 00:01:30.628016 10358 cuckoo_watch.h:45] 37ms in ProcessBatch(rbc_batches/aaaaaa.batch) [including 2ms in LoadMessage; 0ms in InitializeSparseNdw; 0ms in FindReuseThetaCacheEntry; 2ms in InitializeTheta; 0ms in CreateRegularizerAgents; 19ms in InferThetaAndUpdateNwtSparse; 0ms in UpdateCacheEntry; 12ms in CalculateScore(^^^ItemsProcessedScore^^^); ]
I0615 00:01:30.628415 28880 master_component.cc:1436] RegularizeModelArgs: rwt_target_name=rwt, pwt_source_name=pwt, nwt_source_name=nwt
I0615 00:01:30.628422 28880 master_component.cc:976] MasterComponent: start regularizing model pwt
I0615 00:01:30.629580 10359 processor.cc:740] No data in processing queue, waiting...
I0615 00:01:30.631311 28880 master_component.cc:1002] MasterComponent: complete regularizing model pwt
I0615 00:01:30.631332 28880 master_component.cc:1449] NormalizeModelArgs: pwt_target_name=pwt, nwt_source_name=nwt, rwt_source_name=rwt
I0615 00:01:30.631335 28880 master_component.cc:1006] MasterComponent: start normalizing model nwt
I0615 00:01:30.633884 28880 master_component.cc:1034] MasterComponent: complete normalizing model nwt
I0615 00:01:30.635918 28880 master_component.cc:1473] DisposeModel rwt
I0615 00:01:30.636286 28880 master_component.cc:1059] FitOffline: ItemsProcessed, num_items=1599, num_batches=2, token_weight=80972, token_weight_in_effect=80972
I0615 00:01:30.636512 28880 c_interface.cc:389] Pass FitOfflineMasterModelArgs, batch_filename_size=2, batch_weight_size=2, num_collection_passes=1, reset_nwt=yes to MN4artm4core15MasterComponentEFvRKNS_25FitOfflineMasterModelArgsEE
I0615 00:01:30.636533 28880 master_component.cc:1398] ProcessBatchesArgs: nwt_target_name=nwt, batch_filename_size=2, batch_size=0, batch_weight_size=2, pwt_source_name=pwt, num_document_passes=1, regularizer=(name:1:urn:uuid:2558544c-ec25-11ec-af68-15f07b0a665d, tau:100000), regularizer=(name:1:urn:uuid:276ce770-ec25-11ec-af68-15f07b0a665d, tau:-100000), reuse_theta=yes, opt_for_avx=yes, predict_class_id=, reset_nwt=yes
I0615 00:01:30.638128 10359 processor.cc:747] Processing queue has data, processing started
I0615 00:01:30.639094 10359 processor.cc:820] Processor: start processing batch e6ce01eb-a529-4fcf-b13e-93075b3f15cc into model nwt
I0615 00:01:30.639302 10358 processor.cc:820] Processor: start processing batch e74c72f5-5301-41ee-bfbf-9bea1a09ec86 into model nwt
I0615 00:01:30.653532 10359 processor.cc:925] Processor: complete processing batch e6ce01eb-a529-4fcf-b13e-93075b3f15cc into model nwt
I0615 00:01:30.653863 10359 cuckoo_watch.h:45] 15ms in ProcessBatch(rbc_batches/aaaaab.batch) [including 0ms in LoadMessage; 0ms in InitializeSparseNdw; 0ms in FindReuseThetaCacheEntry; 0ms in InitializeTheta; 0ms in CreateRegularizerAgents; 6ms in InferThetaAndUpdateNwtSparse; 0ms in UpdateCacheEntry; 6ms in CalculateScore(^^^ItemsProcessedScore^^^); ]
I0615 00:01:30.662425 10358 processor.cc:925] Processor: complete processing batch e74c72f5-5301-41ee-bfbf-9bea1a09ec86 into model nwt
I0615 00:01:30.662880 10358 cuckoo_watch.h:45] 24ms in ProcessBatch(rbc_batches/aaaaaa.batch) [including 1ms in LoadMessage; 0ms in InitializeSparseNdw; 0ms in FindReuseThetaCacheEntry; 1ms in InitializeTheta; 0ms in CreateRegularizerAgents; 10ms in InferThetaAndUpdateNwtSparse; 0ms in UpdateCacheEntry; 10ms in CalculateScore(^^^ItemsProcessedScore^^^); ]
I0615 00:01:30.663015 28880 master_component.cc:1436] RegularizeModelArgs: rwt_target_name=rwt, pwt_source_name=pwt, nwt_source_name=nwt
I0615 00:01:30.663020 28880 master_component.cc:976] MasterComponent: start regularizing model pwt
I0615 00:01:30.665673 28880 master_component.cc:1002] MasterComponent: complete regularizing model pwt
I0615 00:01:30.665680 28880 master_component.cc:1449] NormalizeModelArgs: pwt_target_name=pwt, nwt_source_name=nwt, rwt_source_name=rwt
I0615 00:01:30.665683 28880 master_component.cc:1006] MasterComponent: start normalizing model nwt
I0615 00:01:30.667490 28880 master_component.cc:1034] MasterComponent: complete normalizing model nwt
I0615 00:01:30.669806 28880 master_component.cc:1473] DisposeModel rwt
I0615 00:01:30.670066 28880 master_component.cc:1059] FitOffline: ItemsProcessed, num_items=1599, num_batches=2, token_weight=80972, token_weight_in_effect=80972
I0615 00:01:30.670217 28880 c_interface.cc:389] Pass FitOfflineMasterModelArgs, batch_filename_size=2, batch_weight_size=2, num_collection_passes=1, reset_nwt=yes to MN4artm4core15MasterComponentEFvRKNS_25FitOfflineMasterModelArgsEE
I0615 00:01:30.670239 28880 master_component.cc:1398] ProcessBatchesArgs: nwt_target_name=nwt, batch_filename_size=2, batch_size=0, batch_weight_size=2, pwt_source_name=pwt, num_document_passes=1, regularizer=(name:1:urn:uuid:2558544c-ec25-11ec-af68-15f07b0a665d, tau:100000), regularizer=(name:1:urn:uuid:276ce770-ec25-11ec-af68-15f07b0a665d, tau:-100000), reuse_theta=yes, opt_for_avx=yes, predict_class_id=, reset_nwt=yes
I0615 00:01:30.673100 10358 processor.cc:820] Processor: start processing batch e74c72f5-5301-41ee-bfbf-9bea1a09ec86 into model nwt
I0615 00:01:30.674690 10359 processor.cc:820] Processor: start processing batch e6ce01eb-a529-4fcf-b13e-93075b3f15cc into model nwt
I0615 00:01:30.703905 10359 processor.cc:925] Processor: complete processing batch e6ce01eb-a529-4fcf-b13e-93075b3f15cc into model nwt
I0615 00:01:30.704397 10359 cuckoo_watch.h:45] 31ms in ProcessBatch(rbc_batches/aaaaab.batch) [including 1ms in LoadMessage; 0ms in InitializeSparseNdw; 0ms in FindReuseThetaCacheEntry; 1ms in InitializeTheta; 0ms in CreateRegularizerAgents; 12ms in InferThetaAndUpdateNwtSparse; 0ms in UpdateCacheEntry; 14ms in CalculateScore(^^^ItemsProcessedScore^^^); ]
I0615 00:01:30.708425 10358 processor.cc:925] Processor: complete processing batch e74c72f5-5301-41ee-bfbf-9bea1a09ec86 into model nwt
I0615 00:01:30.708884 10358 cuckoo_watch.h:45] 37ms in ProcessBatch(rbc_batches/aaaaaa.batch) [including 1ms in LoadMessage; 0ms in InitializeSparseNdw; 0ms in FindReuseThetaCacheEntry; 3ms in InitializeTheta; 0ms in CreateRegularizerAgents; 16ms in InferThetaAndUpdateNwtSparse; 0ms in UpdateCacheEntry; 15ms in CalculateScore(^^^ItemsProcessedScore^^^); ]
I0615 00:01:30.709501 28880 master_component.cc:1436] RegularizeModelArgs: rwt_target_name=rwt, pwt_source_name=pwt, nwt_source_name=nwt
I0615 00:01:30.709506 28880 master_component.cc:976] MasterComponent: start regularizing model pwt
I0615 00:01:30.712090 28880 master_component.cc:1002] MasterComponent: complete regularizing model pwt
I0615 00:01:30.712097 28880 master_component.cc:1449] NormalizeModelArgs: pwt_target_name=pwt, nwt_source_name=nwt, rwt_source_name=rwt
I0615 00:01:30.712100 28880 master_component.cc:1006] MasterComponent: start normalizing model nwt
I0615 00:01:30.714038 28880 master_component.cc:1034] MasterComponent: complete normalizing model nwt
I0615 00:01:30.715792 28880 master_component.cc:1473] DisposeModel rwt
I0615 00:01:30.715984 28880 master_component.cc:1059] FitOffline: ItemsProcessed, num_items=1599, num_batches=2, token_weight=80972, token_weight_in_effect=80972
I0615 00:01:30.716145 28880 c_interface.cc:389] Pass FitOfflineMasterModelArgs, batch_filename_size=2, batch_weight_size=2, num_collection_passes=1, reset_nwt=yes to MN4artm4core15MasterComponentEFvRKNS_25FitOfflineMasterModelArgsEE
I0615 00:01:30.716163 28880 master_component.cc:1398] ProcessBatchesArgs: nwt_target_name=nwt, batch_filename_size=2, batch_size=0, batch_weight_size=2, pwt_source_name=pwt, num_document_passes=1, regularizer=(name:1:urn:uuid:2558544c-ec25-11ec-af68-15f07b0a665d, tau:100000), regularizer=(name:1:urn:uuid:276ce770-ec25-11ec-af68-15f07b0a665d, tau:-100000), reuse_theta=yes, opt_for_avx=yes, predict_class_id=, reset_nwt=yes
I0615 00:01:30.718502 10359 processor.cc:820] Processor: start processing batch e74c72f5-5301-41ee-bfbf-9bea1a09ec86 into model nwt
I0615 00:01:30.719347 10358 processor.cc:820] Processor: start processing batch e6ce01eb-a529-4fcf-b13e-93075b3f15cc into model nwt
I0615 00:01:30.736389 10358 processor.cc:925] Processor: complete processing batch e6ce01eb-a529-4fcf-b13e-93075b3f15cc into model nwt
I0615 00:01:30.737249 10358 cuckoo_watch.h:45] 18ms in ProcessBatch(rbc_batches/aaaaab.batch) [including 0ms in LoadMessage; 0ms in InitializeSparseNdw; 0ms in FindReuseThetaCacheEntry; 0ms in InitializeTheta; 0ms in CreateRegularizerAgents; 7ms in InferThetaAndUpdateNwtSparse; 0ms in UpdateCacheEntry; 8ms in CalculateScore(^^^ItemsProcessedScore^^^); ]
I0615 00:01:30.744064 10359 processor.cc:925] Processor: complete processing batch e74c72f5-5301-41ee-bfbf-9bea1a09ec86 into model nwt
I0615 00:01:30.744545 10359 cuckoo_watch.h:45] 27ms in ProcessBatch(rbc_batches/aaaaaa.batch) [including 1ms in LoadMessage; 0ms in InitializeSparseNdw; 0ms in FindReuseThetaCacheEntry; 1ms in InitializeTheta; 0ms in CreateRegularizerAgents; 11ms in InferThetaAndUpdateNwtSparse; 0ms in UpdateCacheEntry; 12ms in CalculateScore(^^^ItemsProcessedScore^^^); ]
I0615 00:01:30.745219 28880 master_component.cc:1436] RegularizeModelArgs: rwt_target_name=rwt, pwt_source_name=pwt, nwt_source_name=nwt
I0615 00:01:30.745226 28880 master_component.cc:976] MasterComponent: start regularizing model pwt
I0615 00:01:30.748107 28880 master_component.cc:1002] MasterComponent: complete regularizing model pwt
I0615 00:01:30.748121 28880 master_component.cc:1449] NormalizeModelArgs: pwt_target_name=pwt, nwt_source_name=nwt, rwt_source_name=rwt
I0615 00:01:30.748124 28880 master_component.cc:1006] MasterComponent: start normalizing model nwt
I0615 00:01:30.749969 28880 master_component.cc:1034] MasterComponent: complete normalizing model nwt
I0615 00:01:30.751658 28880 master_component.cc:1473] DisposeModel rwt
I0615 00:01:30.751827 28880 master_component.cc:1059] FitOffline: ItemsProcessed, num_items=1599, num_batches=2, token_weight=80972, token_weight_in_effect=80972
I0615 00:01:30.751955 28880 c_interface.cc:389] Pass FitOfflineMasterModelArgs, batch_filename_size=2, batch_weight_size=2, num_collection_passes=1, reset_nwt=yes to MN4artm4core15MasterComponentEFvRKNS_25FitOfflineMasterModelArgsEE
I0615 00:01:30.751971 28880 master_component.cc:1398] ProcessBatchesArgs: nwt_target_name=nwt, batch_filename_size=2, batch_size=0, batch_weight_size=2, pwt_source_name=pwt, num_document_passes=1, regularizer=(name:1:urn:uuid:2558544c-ec25-11ec-af68-15f07b0a665d, tau:100000), regularizer=(name:1:urn:uuid:276ce770-ec25-11ec-af68-15f07b0a665d, tau:-100000), reuse_theta=yes, opt_for_avx=yes, predict_class_id=, reset_nwt=yes
I0615 00:01:30.754444 10359 processor.cc:820] Processor: start processing batch e74c72f5-5301-41ee-bfbf-9bea1a09ec86 into model nwt
I0615 00:01:30.754776 10358 processor.cc:820] Processor: start processing batch e6ce01eb-a529-4fcf-b13e-93075b3f15cc into model nwt
I0615 00:01:30.769491 10358 processor.cc:925] Processor: complete processing batch e6ce01eb-a529-4fcf-b13e-93075b3f15cc into model nwt
I0615 00:01:30.769825 10358 cuckoo_watch.h:45] 16ms in ProcessBatch(rbc_batches/aaaaab.batch) [including 1ms in LoadMessage; 0ms in InitializeSparseNdw; 0ms in FindReuseThetaCacheEntry; 0ms in InitializeTheta; 0ms in CreateRegularizerAgents; 7ms in InferThetaAndUpdateNwtSparse; 0ms in UpdateCacheEntry; 6ms in CalculateScore(^^^ItemsProcessedScore^^^); ]
I0615 00:01:30.778333 10359 processor.cc:925] Processor: complete processing batch e74c72f5-5301-41ee-bfbf-9bea1a09ec86 into model nwt
I0615 00:01:30.778839 10359 cuckoo_watch.h:45] 25ms in ProcessBatch(rbc_batches/aaaaaa.batch) [including 1ms in LoadMessage; 0ms in InitializeSparseNdw; 0ms in FindReuseThetaCacheEntry; 1ms in InitializeTheta; 0ms in CreateRegularizerAgents; 10ms in InferThetaAndUpdateNwtSparse; 0ms in UpdateCacheEntry; 10ms in CalculateScore(^^^ItemsProcessedScore^^^); ]
I0615 00:01:30.779592 28880 master_component.cc:1436] RegularizeModelArgs: rwt_target_name=rwt, pwt_source_name=pwt, nwt_source_name=nwt
I0615 00:01:30.779599 28880 master_component.cc:976] MasterComponent: start regularizing model pwt
I0615 00:01:30.782338 28880 master_component.cc:1002] MasterComponent: complete regularizing model pwt
I0615 00:01:30.782346 28880 master_component.cc:1449] NormalizeModelArgs: pwt_target_name=pwt, nwt_source_name=nwt, rwt_source_name=rwt
I0615 00:01:30.782348 28880 master_component.cc:1006] MasterComponent: start normalizing model nwt
I0615 00:01:30.784210 28880 master_component.cc:1034] MasterComponent: complete normalizing model nwt
I0615 00:01:30.786022 28880 master_component.cc:1473] DisposeModel rwt
I0615 00:01:30.786237 28880 master_component.cc:1059] FitOffline: ItemsProcessed, num_items=1599, num_batches=2, token_weight=80972, token_weight_in_effect=80972
I0615 00:01:30.786374 28880 c_interface.cc:389] Pass FitOfflineMasterModelArgs, batch_filename_size=2, batch_weight_size=2, num_collection_passes=1, reset_nwt=yes to MN4artm4core15MasterComponentEFvRKNS_25FitOfflineMasterModelArgsEE
I0615 00:01:30.786391 28880 master_component.cc:1398] ProcessBatchesArgs: nwt_target_name=nwt, batch_filename_size=2, batch_size=0, batch_weight_size=2, pwt_source_name=pwt, num_document_passes=1, regularizer=(name:1:urn:uuid:2558544c-ec25-11ec-af68-15f07b0a665d, tau:100000), regularizer=(name:1:urn:uuid:276ce770-ec25-11ec-af68-15f07b0a665d, tau:-100000), reuse_theta=yes, opt_for_avx=yes, predict_class_id=, reset_nwt=yes
I0615 00:01:30.789136 10358 processor.cc:820] Processor: start processing batch e6ce01eb-a529-4fcf-b13e-93075b3f15cc into model nwt
I0615 00:01:30.789194 10359 processor.cc:820] Processor: start processing batch e74c72f5-5301-41ee-bfbf-9bea1a09ec86 into model nwt
I0615 00:01:30.803987 10358 processor.cc:925] Processor: complete processing batch e6ce01eb-a529-4fcf-b13e-93075b3f15cc into model nwt
I0615 00:01:30.804323 10358 cuckoo_watch.h:45] 16ms in ProcessBatch(rbc_batches/aaaaab.batch) [including 1ms in LoadMessage; 0ms in InitializeSparseNdw; 0ms in FindReuseThetaCacheEntry; 0ms in InitializeTheta; 0ms in CreateRegularizerAgents; 7ms in InferThetaAndUpdateNwtSparse; 0ms in UpdateCacheEntry; 6ms in CalculateScore(^^^ItemsProcessedScore^^^); ]
I0615 00:01:30.812731 10359 processor.cc:925] Processor: complete processing batch e74c72f5-5301-41ee-bfbf-9bea1a09ec86 into model nwt
I0615 00:01:30.813251 10359 cuckoo_watch.h:45] 25ms in ProcessBatch(rbc_batches/aaaaaa.batch) [including 1ms in LoadMessage; 0ms in InitializeSparseNdw; 0ms in FindReuseThetaCacheEntry; 1ms in InitializeTheta; 0ms in CreateRegularizerAgents; 10ms in InferThetaAndUpdateNwtSparse; 0ms in UpdateCacheEntry; 10ms in CalculateScore(^^^ItemsProcessedScore^^^); ]
I0615 00:01:30.813272 28880 master_component.cc:1436] RegularizeModelArgs: rwt_target_name=rwt, pwt_source_name=pwt, nwt_source_name=nwt
I0615 00:01:30.813280 28880 master_component.cc:976] MasterComponent: start regularizing model pwt
I0615 00:01:30.816165 28880 master_component.cc:1002] MasterComponent: complete regularizing model pwt
I0615 00:01:30.816174 28880 master_component.cc:1449] NormalizeModelArgs: pwt_target_name=pwt, nwt_source_name=nwt, rwt_source_name=rwt
I0615 00:01:30.816176 28880 master_component.cc:1006] MasterComponent: start normalizing model nwt
I0615 00:01:30.818132 28880 master_component.cc:1034] MasterComponent: complete normalizing model nwt
I0615 00:01:30.819939 28880 master_component.cc:1473] DisposeModel rwt
I0615 00:01:30.820142 28880 master_component.cc:1059] FitOffline: ItemsProcessed, num_items=1599, num_batches=2, token_weight=80972, token_weight_in_effect=80972
I0615 00:01:30.820259 28880 c_interface.cc:389] Pass FitOfflineMasterModelArgs, batch_filename_size=2, batch_weight_size=2, num_collection_passes=1, reset_nwt=yes to MN4artm4core15MasterComponentEFvRKNS_25FitOfflineMasterModelArgsEE
